Archive member included to satisfy reference by file (symbol)

C:\Users\Emilie1\Documents\MCUXpressoIDE_10.0.2_411\workspace\lpc_board_ea_devkit_4088\Debug\liblpc_board_ea_devkit_4088.a(board.o)
                              ./example/src/io.o (Board_Init)
C:\Users\Emilie1\Documents\MCUXpressoIDE_10.0.2_411\workspace\lpc_board_ea_devkit_4088\Debug\liblpc_board_ea_devkit_4088.a(board_sysinit.o)
                              ./example/src/sysinit.o (Board_SystemInit)
C:\Users\Emilie1\Documents\MCUXpressoIDE_10.0.2_411\workspace\lpc_board_ea_devkit_4088\Debug\liblpc_board_ea_devkit_4088.a(uda1380.o)
                              C:\Users\Emilie1\Documents\MCUXpressoIDE_10.0.2_411\workspace\lpc_board_ea_devkit_4088\Debug\liblpc_board_ea_devkit_4088.a(board.o) (UDA1380_Init)
C:\Users\Emilie1\Documents\MCUXpressoIDE_10.0.2_411\workspace\lpc_chip_40xx\Debug\liblpc_chip_40xx.a(chip_17xx_40xx.o)
                              ./freertos/src/port.o (SystemCoreClock)
C:\Users\Emilie1\Documents\MCUXpressoIDE_10.0.2_411\workspace\lpc_chip_40xx\Debug\liblpc_chip_40xx.a(clock_17xx_40xx.o)
                              C:\Users\Emilie1\Documents\MCUXpressoIDE_10.0.2_411\workspace\lpc_chip_40xx\Debug\liblpc_chip_40xx.a(chip_17xx_40xx.o) (Chip_Clock_SetupPLL)
C:\Users\Emilie1\Documents\MCUXpressoIDE_10.0.2_411\workspace\lpc_chip_40xx\Debug\liblpc_chip_40xx.a(emc_17xx_40xx.o)
                              C:\Users\Emilie1\Documents\MCUXpressoIDE_10.0.2_411\workspace\lpc_board_ea_devkit_4088\Debug\liblpc_board_ea_devkit_4088.a(board_sysinit.o) (Chip_EMC_Dynamic_Init)
C:\Users\Emilie1\Documents\MCUXpressoIDE_10.0.2_411\workspace\lpc_chip_40xx\Debug\liblpc_chip_40xx.a(fpu_init.o)
                              ./example/src/sysinit.o (fpuInit)
C:\Users\Emilie1\Documents\MCUXpressoIDE_10.0.2_411\workspace\lpc_chip_40xx\Debug\liblpc_chip_40xx.a(i2c_17xx_40xx.o)
                              C:\Users\Emilie1\Documents\MCUXpressoIDE_10.0.2_411\workspace\lpc_board_ea_devkit_4088\Debug\liblpc_board_ea_devkit_4088.a(uda1380.o) (Chip_I2C_EventHandlerPolling)
C:\Users\Emilie1\Documents\MCUXpressoIDE_10.0.2_411\workspace\lpc_chip_40xx\Debug\liblpc_chip_40xx.a(i2s_17xx_40xx.o)
                              C:\Users\Emilie1\Documents\MCUXpressoIDE_10.0.2_411\workspace\lpc_board_ea_devkit_4088\Debug\liblpc_board_ea_devkit_4088.a(board.o) (Chip_I2S_Init)
C:\Users\Emilie1\Documents\MCUXpressoIDE_10.0.2_411\workspace\lpc_chip_40xx\Debug\liblpc_chip_40xx.a(iocon_17xx_40xx.o)
                              C:\Users\Emilie1\Documents\MCUXpressoIDE_10.0.2_411\workspace\lpc_board_ea_devkit_4088\Debug\liblpc_board_ea_devkit_4088.a(board_sysinit.o) (Chip_IOCON_SetPinMuxing)
C:\Users\Emilie1\Documents\MCUXpressoIDE_10.0.2_411\workspace\lpc_chip_40xx\Debug\liblpc_chip_40xx.a(ssp_17xx_40xx.o)
                              C:\Users\Emilie1\Documents\MCUXpressoIDE_10.0.2_411\workspace\lpc_board_ea_devkit_4088\Debug\liblpc_board_ea_devkit_4088.a(board.o) (Chip_SSP_WriteFrames_Blocking)
C:\Users\Emilie1\Documents\MCUXpressoIDE_10.0.2_411\workspace\lpc_chip_40xx\Debug\liblpc_chip_40xx.a(sysctl_17xx_40xx.o)
                              C:\Users\Emilie1\Documents\MCUXpressoIDE_10.0.2_411\workspace\lpc_board_ea_devkit_4088\Debug\liblpc_board_ea_devkit_4088.a(board_sysinit.o) (Chip_SYSCTL_PeriphReset)
C:\Users\Emilie1\Documents\MCUXpressoIDE_10.0.2_411\workspace\lpc_chip_40xx\Debug\liblpc_chip_40xx.a(sysinit_17xx_40xx.o)
                              C:\Users\Emilie1\Documents\MCUXpressoIDE_10.0.2_411\workspace\lpc_board_ea_devkit_4088\Debug\liblpc_board_ea_devkit_4088.a(board_sysinit.o) (Chip_SetupXtalClocking)
c:/nxp/mcuxpressoide_10.0.2_411/ide/tools/bin/../lib/gcc/arm-none-eabi/5.4.1/../../../../arm-none-eabi/lib/armv7e-m/softfp\libcr_semihost_nf.a(_cr__main.o)
                              ./example/src/cr_startup_lpc40xx.o (__main)
c:/nxp/mcuxpressoide_10.0.2_411/ide/tools/bin/../lib/gcc/arm-none-eabi/5.4.1/../../../../arm-none-eabi/lib/armv7e-m/softfp\libcr_c.a(memcpy.o)
                              ./freertos/src/queue.o (memcpy)
c:/nxp/mcuxpressoide_10.0.2_411/ide/tools/bin/../lib/gcc/arm-none-eabi/5.4.1/../../../../arm-none-eabi/lib/armv7e-m/softfp\libcr_c.a(memset.o)
                              ./freertos/src/tasks.o (memset)
c:/nxp/mcuxpressoide_10.0.2_411/ide/tools/bin/../lib/gcc/arm-none-eabi/5.4.1/../../../../arm-none-eabi/lib/armv7e-m/softfp\libcr_c.a(alloc.o)
                              ./freertos/src/heap_3.o (malloc)
c:/nxp/mcuxpressoide_10.0.2_411/ide/tools/bin/../lib/gcc/arm-none-eabi/5.4.1/../../../../arm-none-eabi/lib/armv7e-m/softfp\libcr_c.a(fpprintf.o)
                              ./freertos/src/FreeRTOSCommonHooks.o (printf)
c:/nxp/mcuxpressoide_10.0.2_411/ide/tools/bin/../lib/gcc/arm-none-eabi/5.4.1/../../../../arm-none-eabi/lib/armv7e-m/softfp\libcr_c.a(initio.o)
[...]
Memory Configuration

Name             Origin             Length             Attributes
MFlash512        0x00000000         0x00080000         xr
RamLoc64         0x10000000         0x00010000         xrw
RamPeriph32      0x20000000         0x00008000         xrw
*default*        0x00000000         0xffffffff

Linker script and memory map

LOAD ./freertos/src/FreeRTOSCommonHooks.o
LOAD ./freertos/src/heap_3.o
LOAD ./freertos/src/list.o
LOAD ./freertos/src/port.o
LOAD ./freertos/src/queue.o
LOAD ./freertos/src/tasks.o
LOAD ./example/src/cr_startup_lpc40xx.o
LOAD ./example/src/freertos_can.o
LOAD ./example/src/io.o
LOAD ./example/src/sysinit.o
LOAD C:\Users\Emilie1\Documents\MCUXpressoIDE_10.0.2_411\workspace\lpc_board_ea_devkit_4088\Debug\liblpc_board_ea_devkit_4088.a
LOAD C:\Users\Emilie1\Documents\MCUXpressoIDE_10.0.2_411\workspace\lpc_chip_40xx\Debug\liblpc_chip_40xx.a
START GROUP
LOAD c:/nxp/mcuxpressoide_10.0.2_411/ide/tools/bin/../lib/gcc/arm-none-eabi/5.4.1/../../../../arm-none-eabi/lib/armv7e-m/softfp\libcr_semihost_nf.a
LOAD c:/nxp/mcuxpressoide_10.0.2_411/ide/tools/bin/../lib/gcc/arm-none-eabi/5.4.1/../../../../arm-none-eabi/lib/armv7e-m/softfp\libcr_c.a
LOAD c:/nxp/mcuxpressoide_10.0.2_411/ide/tools/bin/../lib/gcc/arm-none-eabi/5.4.1/armv7e-m/softfp\libcr_eabihelpers.a
END GROUP
                0x00000000                __base_MFlash512 = 0x0
                0x00000000                __base_Flash = 0x0
                0x00080000                __top_MFlash512 = 0x80000
                0x00080000                __top_Flash = 0x80000
                0x10000000                __base_RamLoc64 = 0x10000000
                0x10000000                __base_RAM = 0x10000000
                0x10010000                __top_RamLoc64 = 0x10010000
                0x10010000                __top_RAM = 0x10010000
                0x20000000                __base_RamPeriph32 = 0x20000000
                0x20000000                __base_RAM2 = 0x20000000
                0x20008000                __top_RamPeriph32 = 0x20008000
                0x20008000                __top_RAM2 = 0x20008000

.text           0x00000000     0x35a4
 FILL mask 0xff
                0x00000000                __vectors_start__ = ABSOLUTE (.)
 *(.isr_vector)
 .isr_vector    0x00000000       0xe4 ./example/src/cr_startup_lpc40xx.o
                0x00000000                g_pfnVectors
                0x000000e4                . = ALIGN (0x4)
                0x000000e4                __section_table_start = .
                0x000000e4                __data_section_table = .
                0x000000e4        0x4 LONG 0x35a4 LOADADDR (.data)
                0x000000e8        0x4 LONG 0x10000000 ADDR (.data)
                0x000000ec        0x4 LONG 0x8 SIZEOF (.data)
                0x000000f0        0x4 LONG 0x35a4 LOADADDR (.data_RAM2)
                0x000000f4        0x4 LONG 0x20000000 ADDR (.data_RAM2)
                0x000000f8        0x4 LONG 0x0 SIZEOF (.data_RAM2)
                0x000000fc                __data_section_table_end = .
                0x000000fc                __bss_section_table = .
                0x000000fc        0x4 LONG 0x10000008 ADDR (.bss)
                0x00000100        0x4 LONG 0x210 SIZEOF (.bss)
                0x00000104        0x4 LONG 0x20000000 ADDR (.bss_RAM2)
                0x00000108        0x4 LONG 0x0 SIZEOF (.bss_RAM2)
                0x0000010c                __bss_section_table_end = .
                0x0000010c                __section_table_end = .
 *(.after_vectors*)
 .after_vectors
                0x0000010c      0x168 ./example/src/cr_startup_lpc40xx.o
                0x0000010c                data_init
                0x00000150                bss_init
                0x00000188                ResetISR
                0x00000220                NMI_Handler
                0x00000228                HardFault_Handler
                0x00000230                MemManage_Handler
                0x00000238                BusFault_Handler
                0x00000240                UsageFault_Handler
                0x00000250                DebugMon_Handler
                0x00000268                I2C1_IRQHandler
                0x00000268                EINT2_IRQHandler
                0x00000268                UART1_IRQHandler
                0x00000268                PWM1_IRQHandler
                0x00000268                CANActivity_IRQHandler
                0x00000268                TIMER3_IRQHandler
                0x00000268                UART0_IRQHandler
                0x00000268                USBActivity_IRQHandler
                0x00000268                EINT3_IRQHandler
                0x00000268                IntDefaultHandler
                0x00000268                PLL0_IRQHandler
                0x00000268                CAN_IRQHandler
                0x00000268                PLL1_IRQHandler
                0x00000268                SSP0_IRQHandler
                0x00000268                I2C0_IRQHandler
                0x00000268                I2C2_IRQHandler
                0x00000268                RTC_IRQHandler
                0x00000268                TIMER0_IRQHandler
                0x00000268                SPI_IRQHandler
                0x00000268                LCD_IRQHandler
                0x00000268                RIT_IRQHandler
                0x00000268                EINT1_IRQHandler
                0x00000268                TIMER1_IRQHandler
                0x00000268                UART2_IRQHandler
                0x00000268                UART4_IRQHandler
                0x00000268                ADC_IRQHandler
                0x00000268                SSP1_IRQHandler
                0x00000268                USB_IRQHandler
                0x00000268                BOD_IRQHandler
                0x00000268                SDIO_IRQHandler
                0x00000268                WDT_IRQHandler
                0x00000268                QEI_IRQHandler
                0x00000268                EINT0_IRQHandler
                0x00000268                ETH_IRQHandler
                0x00000268                PWM0_IRQHandler
                0x00000268                SSP2_IRQHandler
                0x00000268                EEPROM_IRQHandler
                0x00000268                I2S_IRQHandler
                0x00000268                DMA_IRQHandler
                0x00000268                TIMER2_IRQHandler
                0x00000268                UART3_IRQHandler
                0x00000268                MCPWM_IRQHandler
 *(.text*)
 .text.vApplicationIdleHook
                0x00000274       0x10 ./freertos/src/FreeRTOSCommonHooks.o
                0x00000274                vApplicationIdleHook
 .text.pvPortMalloc
                0x00000284       0x24 ./freertos/src/heap_3.o
                0x00000284                pvPortMalloc
 .text.vPortFree
                0x000002a8       0x24 ./freertos/src/heap_3.o
                0x000002a8                vPortFree
 .text.vListInitialise
                0x000002cc       0x40 ./freertos/src/list.o
                0x000002cc                vListInitialise
 .text.vListInitialiseItem
                0x0000030c       0x1c ./freertos/src/list.o
                0x0000030c                vListInitialiseItem
 .text.vListInsertEnd
                0x00000328       0x48 ./freertos/src/list.o
                0x00000328                vListInsertEnd
 .text.vListInsert
                0x00000370       0x74 ./freertos/src/list.o
                0x00000370                vListInsert
 .text.uxListRemove
                0x000003e4       0x54 ./freertos/src/list.o
                0x000003e4                uxListRemove
 .text.pxPortInitialiseStack
                0x00000438       0x64 ./freertos/src/port.o
                0x00000438                pxPortInitialiseStack
 .text.prvTaskExitError
                0x0000049c        0xc ./freertos/src/port.o
 .text.SVC_Handler
                0x000004a8       0x20 ./freertos/src/port.o
                0x000004a8                SVC_Handler
 .text.prvPortStartFirstTask
                0x000004c8       0x18 ./freertos/src/port.o
 .text.xPortStartScheduler
                0x000004e0       0x4c ./freertos/src/port.o
                0x000004e0                xPortStartScheduler
 .text.vPortYield
                0x0000052c       0x24 ./freertos/src/port.o
                0x0000052c                vPortYield
 .text.vPortEnterCritical
                0x00000550       0x24 ./freertos/src/port.o
                0x00000550                vPortEnterCritical
 .text.vPortExitCritical
                0x00000574       0x24 ./freertos/src/port.o
                0x00000574                vPortExitCritical
 .text.ulPortSetInterruptMask
                0x00000598       0x14 ./freertos/src/port.o
                0x00000598                ulPortSetInterruptMask
 .text.vPortClearInterruptMask
                0x000005ac        0x8 ./freertos/src/port.o
                0x000005ac                vPortClearInterruptMask
 .text.PendSV_Handler
                0x000005b4       0x54 ./freertos/src/port.o
                0x000005b4                PendSV_Handler
 .text.SysTick_Handler
                0x00000608       0x28 ./freertos/src/port.o
                0x00000608                SysTick_Handler
 .text.vPortSuppressTicksAndSleep
                0x00000630      0x15c ./freertos/src/port.o
                0x00000630                vPortSuppressTicksAndSleep
 .text.vPortSetupTimerInterrupt
                0x0000078c       0x78 ./freertos/src/port.o
                0x0000078c                vPortSetupTimerInterrupt
 .text.vPortEnableVFP
                0x00000804       0x14 ./freertos/src/port.o
 .text.xQueueGenericReset
                0x00000818       0xa4 ./freertos/src/queue.o
                0x00000818                xQueueGenericReset
 .text.xQueueGenericCreate
                0x000008bc       0x78 ./freertos/src/queue.o
                0x000008bc                xQueueGenericCreate
 .text.xQueueGenericSend
                0x00000934      0x110 ./freertos/src/queue.o
                0x00000934                xQueueGenericSend
 .text.xQueueGenericSendFromISR
                0x00000a44       0x88 ./freertos/src/queue.o
                0x00000a44                xQueueGenericSendFromISR
 .text.xQueueGenericReceive
                0x00000acc      0x16c ./freertos/src/queue.o
                0x00000acc                xQueueGenericReceive
 .text.prvCopyDataToQueue
                0x00000c38       0xd0 ./freertos/src/queue.o
 .text.prvCopyDataFromQueue
                0x00000d08       0x4c ./freertos/src/queue.o
 .text.prvUnlockQueue
                0x00000d54       0x98 ./freertos/src/queue.o
 .text.prvIsQueueEmpty
                0x00000dec       0x2c ./freertos/src/queue.o
 .text.prvIsQueueFull
                0x00000e18       0x30 ./freertos/src/queue.o
 .text.xTaskGenericCreate
                0x00000e48      0x140 ./freertos/src/tasks.o
                0x00000e48                xTaskGenericCreate
 .text.vTaskDelay
                0x00000f88       0x54 ./freertos/src/tasks.o
                0x00000f88                vTaskDelay
 .text.vTaskStartScheduler
                0x00000fdc       0x58 ./freertos/src/tasks.o
                0x00000fdc                vTaskStartScheduler
 .text.vTaskSuspendAll
                0x00001034       0x1c ./freertos/src/tasks.o
                0x00001034                vTaskSuspendAll
 .text.prvGetExpectedIdleTime
                0x00001050       0x50 ./freertos/src/tasks.o
 .text.xTaskResumeAll
                0x000010a0       0xfc ./freertos/src/tasks.o
                0x000010a0                xTaskResumeAll
 .text.vTaskStepTick
                0x0000119c       0x24 ./freertos/src/tasks.o
                0x0000119c                vTaskStepTick
 .text.xTaskIncrementTick
                0x000011c0      0x18c ./freertos/src/tasks.o
                0x000011c0                xTaskIncrementTick
 .text.vTaskSwitchContext
                0x0000134c       0x9c ./freertos/src/tasks.o
                0x0000134c                vTaskSwitchContext
 .text.vTaskPlaceOnEventList
                0x000013e8       0x60 ./freertos/src/tasks.o
                0x000013e8                vTaskPlaceOnEventList
 .text.xTaskRemoveFromEventList
                0x00001448       0xac ./freertos/src/tasks.o
                0x00001448                xTaskRemoveFromEventList
 .text.vTaskSetTimeOutState
                0x000014f4       0x2c ./freertos/src/tasks.o
                0x000014f4                vTaskSetTimeOutState
 .text.xTaskCheckForTimeOut
                0x00001520       0x88 ./freertos/src/tasks.o
                0x00001520                xTaskCheckForTimeOut
 .text.vTaskMissedYield
                0x000015a8       0x18 ./freertos/src/tasks.o
                0x000015a8                vTaskMissedYield
 .text.prvIdleTask
                0x000015c0       0x48 ./freertos/src/tasks.o
 .text.eTaskConfirmSleepModeStatus
                0x00001608       0x5c ./freertos/src/tasks.o
                0x00001608                eTaskConfirmSleepModeStatus
 .text.prvInitialiseTCBVariables
                0x00001664       0x98 ./freertos/src/tasks.o
 .text.prvInitialiseTaskLists
                0x000016fc       0x80 ./freertos/src/tasks.o
 .text.prvCheckTasksWaitingTermination
                0x0000177c       0x78 ./freertos/src/tasks.o
 .text.prvAddCurrentTaskToDelayedList
                0x000017f4       0x6c ./freertos/src/tasks.o
 .text.prvAllocateTCBAndStack
                0x00001860       0x64 ./freertos/src/tasks.o
 .text.prvDeleteTCB
                0x000018c4       0x20 ./freertos/src/tasks.o
 .text.xTaskGetCurrentTaskHandle
                0x000018e4       0x20 ./freertos/src/tasks.o
                0x000018e4                xTaskGetCurrentTaskHandle
 .text.vTaskPriorityInherit
                0x00001904       0xb4 ./freertos/src/tasks.o
                0x00001904                vTaskPriorityInherit
 .text.vTaskPriorityDisinherit
                0x000019b8       0x7c ./freertos/src/tasks.o
                0x000019b8                vTaskPriorityDisinherit
 .text.Chip_GPIOINT_ClearIntStatus
                0x00001a34       0x30 ./example/src/freertos_can.o
 .text.GPIO_IRQHandler
                0x00001a64       0x30 ./example/src/freertos_can.o
                0x00001a64                GPIO_IRQHandler
 .text.vTXTask  0x00001a94       0x30 ./example/src/freertos_can.o
 .text.vRXTask  0x00001ac4       0x10 ./example/src/freertos_can.o
 .text.main     0x00001ad4       0x90 ./example/src/freertos_can.o
                0x00001ad4                main
 .text.NVIC_EnableIRQ
                0x00001b64       0x34 ./example/src/io.o
 .text.NVIC_ClearPendingIRQ
                0x00001b98       0x34 ./example/src/io.o
 .text.NVIC_SetPriority
                0x00001bcc       0x54 ./example/src/io.o
 .text.Chip_IOCON_PinMuxSet
                0x00001c20       0x30 ./example/src/io.o
 .text.Chip_GPIO_SetPinDIROutput
                0x00001c50       0x3c ./example/src/io.o
 .text.Chip_GPIO_SetPinDIRInput
                0x00001c8c       0x3c ./example/src/io.o
 .text.Chip_GPIOINT_SetIntFalling
                0x00001cc8       0x30 ./example/src/io.o
 .text.io_init  0x00001cf8       0x98 ./example/src/io.o
                0x00001cf8                io_init
 .text.prvSetupHardware
                0x00001d90       0x10 ./example/src/io.o
                0x00001d90                prvSetupHardware
 .text.SystemInit
                0x00001da0       0x28 ./example/src/sysinit.o
                0x00001da0                SystemInit
 .text.Chip_IOCON_Init
                0x00001dc8       0x18 C:\Users\Emilie1\Documents\MCUXpressoIDE_10.0.2_411\workspace\lpc_board_ea_devkit_4088\Debug\liblpc_board_ea_devkit_4088.a(board.o)
 .text.Chip_IOCON_PinMuxSet
                0x00001de0       0x30 C:\Users\Emilie1\Documents\MCUXpressoIDE_10.0.2_411\workspace\lpc_board_ea_devkit_4088\Debug\liblpc_board_ea_devkit_4088.a(board.o)
 .text.Chip_GPIO_Init
                0x00001e10       0x18 C:\Users\Emilie1\Documents\MCUXpressoIDE_10.0.2_411\workspace\lpc_board_ea_devkit_4088\Debug\liblpc_board_ea_devkit_4088.a(board.o)
 .text.Chip_GPIO_SetPinState
                0x00001e28       0x6c C:\Users\Emilie1\Documents\MCUXpressoIDE_10.0.2_411\workspace\lpc_board_ea_devkit_4088\Debug\liblpc_board_ea_devkit_4088.a(board.o)
 .text.Chip_GPIO_WritePortBit
                0x00001e94       0x2c C:\Users\Emilie1\Documents\MCUXpressoIDE_10.0.2_411\workspace\lpc_board_ea_devkit_4088\Debug\liblpc_board_ea_devkit_4088.a(board.o)
 .text.Chip_GPIO_SetPinDIROutput
                0x00001ec0       0x3c C:\Users\Emilie1\Documents\MCUXpressoIDE_10.0.2_411\workspace\lpc_board_ea_devkit_4088\Debug\liblpc_board_ea_devkit_4088.a(board.o)
 .text.Chip_GPIO_SetPinDIRInput
                0x00001efc       0x3c C:\Users\Emilie1\Documents\MCUXpressoIDE_10.0.2_411\workspace\lpc_board_ea_devkit_4088\Debug\liblpc_board_ea_devkit_4088.a(board.o)
 .text.Chip_GPIO_SetPinDIR
                0x00001f38       0x44 C:\Users\Emilie1\Documents\MCUXpressoIDE_10.0.2_411\workspace\lpc_board_ea_devkit_4088\Debug\liblpc_board_ea_devkit_4088.a(board.o)
 .text.Chip_GPIO_WriteDirBit
                0x00001f7c       0x30 C:\Users\Emilie1\Documents\MCUXpressoIDE_10.0.2_411\workspace\lpc_board_ea_devkit_4088\Debug\liblpc_board_ea_devkit_4088.a(board.o)
 .text.Board_LED_Init
                0x00001fac       0x70 C:\Users\Emilie1\Documents\MCUXpressoIDE_10.0.2_411\workspace\lpc_board_ea_devkit_4088\Debug\liblpc_board_ea_devkit_4088.a(board.o)
 .text.Board_Init
                0x0000201c       0x20 C:\Users\Emilie1\Documents\MCUXpressoIDE_10.0.2_411\workspace\lpc_board_ea_devkit_4088\Debug\liblpc_board_ea_devkit_4088.a(board.o)
                0x0000201c                Board_Init
 .text.Chip_SYSCTL_EnableBoost
                0x0000203c       0x1c C:\Users\Emilie1\Documents\MCUXpressoIDE_10.0.2_411\workspace\lpc_board_ea_devkit_4088\Debug\liblpc_board_ea_devkit_4088.a(board_sysinit.o)
 .text.Chip_Clock_SetEMCClockDiv
                0x00002058       0x24 C:\Users\Emilie1\Documents\MCUXpressoIDE_10.0.2_411\workspace\lpc_board_ea_devkit_4088\Debug\liblpc_board_ea_devkit_4088.a(board_sysinit.o)
 .text.Chip_IOCON_PinMuxSet
                0x0000207c       0x30 C:\Users\Emilie1\Documents\MCUXpressoIDE_10.0.2_411\workspace\lpc_board_ea_devkit_4088\Debug\liblpc_board_ea_devkit_4088.a(board_sysinit.o)
 .text.Board_SetupMuxing
                0x000020ac       0x84 C:\Users\Emilie1\Documents\MCUXpressoIDE_10.0.2_411\workspace\lpc_board_ea_devkit_4088\Debug\liblpc_board_ea_devkit_4088.a(board_sysinit.o)
                0x000020ac                Board_SetupMuxing
 .text.Board_SetupClocking
                0x00002130       0x1c C:\Users\Emilie1\Documents\MCUXpressoIDE_10.0.2_411\workspace\lpc_board_ea_devkit_4088\Debug\liblpc_board_ea_devkit_4088.a(board_sysinit.o)
                0x00002130                Board_SetupClocking
 .text.Board_SetupExtMemory
                0x0000214c       0x5c C:\Users\Emilie1\Documents\MCUXpressoIDE_10.0.2_411\workspace\lpc_board_ea_devkit_4088\Debug\liblpc_board_ea_devkit_4088.a(board_sysinit.o)
                0x0000214c                Board_SetupExtMemory
 .text.Board_SystemInit
                0x000021a8       0x14 C:\Users\Emilie1\Documents\MCUXpressoIDE_10.0.2_411\workspace\lpc_board_ea_devkit_4088\Debug\liblpc_board_ea_devkit_4088.a(board_sysinit.o)
                0x000021a8                Board_SystemInit
 .text.SystemCoreClockUpdate
                0x000021bc       0x18 C:\Users\Emilie1\Documents\MCUXpressoIDE_10.0.2_411\workspace\lpc_chip_40xx\Debug\liblpc_chip_40xx.a(chip_17xx_40xx.o)
                0x000021bc                SystemCoreClockUpdate
 .text.Chip_Clock_IsMainPLLEnabled
                0x000021d4       0x28 C:\Users\Emilie1\Documents\MCUXpressoIDE_10.0.2_411\workspace\lpc_chip_40xx\Debug\liblpc_chip_40xx.a(clock_17xx_40xx.o)
 .text.Chip_Clock_FeedPLL
                0x000021fc       0x38 C:\Users\Emilie1\Documents\MCUXpressoIDE_10.0.2_411\workspace\lpc_chip_40xx\Debug\liblpc_chip_40xx.a(clock_17xx_40xx.o)
 .text.Chip_Clock_GetMainPLLSource
                0x00002234       0x20 C:\Users\Emilie1\Documents\MCUXpressoIDE_10.0.2_411\workspace\lpc_chip_40xx\Debug\liblpc_chip_40xx.a(clock_17xx_40xx.o)
 .text.Chip_Clock_GetMainOscRate
                0x00002254       0x14 C:\Users\Emilie1\Documents\MCUXpressoIDE_10.0.2_411\workspace\lpc_chip_40xx\Debug\liblpc_chip_40xx.a(clock_17xx_40xx.o)
 .text.Chip_Clock_GetIntOscRate
                0x00002268       0x14 C:\Users\Emilie1\Documents\MCUXpressoIDE_10.0.2_411\workspace\lpc_chip_40xx\Debug\liblpc_chip_40xx.a(clock_17xx_40xx.o)
 .text.Chip_Clock_GetMainPLLInClockRate
                0x0000227c       0x10 C:\Users\Emilie1\Documents\MCUXpressoIDE_10.0.2_411\workspace\lpc_chip_40xx\Debug\liblpc_chip_40xx.a(clock_17xx_40xx.o)
 .text.Chip_Clock_EnablePLL
                0x0000228c       0x44 C:\Users\Emilie1\Documents\MCUXpressoIDE_10.0.2_411\workspace\lpc_chip_40xx\Debug\liblpc_chip_40xx.a(clock_17xx_40xx.o)
                0x0000228c                Chip_Clock_EnablePLL
 .text.Chip_Clock_DisablePLL
                0x000022d0       0x48 C:\Users\Emilie1\Documents\MCUXpressoIDE_10.0.2_411\workspace\lpc_chip_40xx\Debug\liblpc_chip_40xx.a(clock_17xx_40xx.o)
                0x000022d0                Chip_Clock_DisablePLL
 .text.Chip_Clock_SetupPLL
                0x00002318       0x4c C:\Users\Emilie1\Documents\MCUXpressoIDE_10.0.2_411\workspace\lpc_chip_40xx\Debug\liblpc_chip_40xx.a(clock_17xx_40xx.o)
                0x00002318                Chip_Clock_SetupPLL
 .text.Chip_Clock_EnablePeriphClock
                0x00002364       0x54 C:\Users\Emilie1\Documents\MCUXpressoIDE_10.0.2_411\workspace\lpc_chip_40xx\Debug\liblpc_chip_40xx.a(clock_17xx_40xx.o)
                0x00002364                Chip_Clock_EnablePeriphClock
 .text.Chip_Clock_SetCPUClockSource
                0x000023b8       0x44 C:\Users\Emilie1\Documents\MCUXpressoIDE_10.0.2_411\workspace\lpc_chip_40xx\Debug\liblpc_chip_40xx.a(clock_17xx_40xx.o)
                0x000023b8                Chip_Clock_SetCPUClockSource
 .text.Chip_Clock_GetCPUClockSource
                0x000023fc       0x30 C:\Users\Emilie1\Documents\MCUXpressoIDE_10.0.2_411\workspace\lpc_chip_40xx\Debug\liblpc_chip_40xx.a(clock_17xx_40xx.o)
                0x000023fc                Chip_Clock_GetCPUClockSource
 .text.Chip_Clock_SetCPUClockDiv
                0x0000242c       0x30 C:\Users\Emilie1\Documents\MCUXpressoIDE_10.0.2_411\workspace\lpc_chip_40xx\Debug\liblpc_chip_40xx.a(clock_17xx_40xx.o)
                0x0000242c                Chip_Clock_SetCPUClockDiv
 .text.Chip_Clock_GetCPUClockDiv
                0x0000245c       0x1c C:\Users\Emilie1\Documents\MCUXpressoIDE_10.0.2_411\workspace\lpc_chip_40xx\Debug\liblpc_chip_40xx.a(clock_17xx_40xx.o)
                0x0000245c                Chip_Clock_GetCPUClockDiv
 .text.Chip_Clock_GetSYSCLKRate
                0x00002478       0x2c C:\Users\Emilie1\Documents\MCUXpressoIDE_10.0.2_411\workspace\lpc_chip_40xx\Debug\liblpc_chip_40xx.a(clock_17xx_40xx.o)
                0x00002478                Chip_Clock_GetSYSCLKRate
 .text.Chip_Clock_GetMainPLLOutClockRate
                0x000024a4       0x40 C:\Users\Emilie1\Documents\MCUXpressoIDE_10.0.2_411\workspace\lpc_chip_40xx\Debug\liblpc_chip_40xx.a(clock_17xx_40xx.o)
                0x000024a4                Chip_Clock_GetMainPLLOutClockRate
 .text.Chip_Clock_GetMainClockRate
                0x000024e4       0x28 C:\Users\Emilie1\Documents\MCUXpressoIDE_10.0.2_411\workspace\lpc_chip_40xx\Debug\liblpc_chip_40xx.a(clock_17xx_40xx.o)
                0x000024e4                Chip_Clock_GetMainClockRate
 .text.Chip_Clock_GetSystemClockRate
                0x0000250c       0x18 C:\Users\Emilie1\Documents\MCUXpressoIDE_10.0.2_411\workspace\lpc_chip_40xx\Debug\liblpc_chip_40xx.a(clock_17xx_40xx.o)
                0x0000250c                Chip_Clock_GetSystemClockRate
 .text.Chip_Clock_SetSPIFIClockSource
                0x00002524       0x34 C:\Users\Emilie1\Documents\MCUXpressoIDE_10.0.2_411\workspace\lpc_chip_40xx\Debug\liblpc_chip_40xx.a(clock_17xx_40xx.o)
                0x00002524                Chip_Clock_SetSPIFIClockSource
 .text.Chip_Clock_SetSPIFIClockDiv
                0x00002558       0x30 C:\Users\Emilie1\Documents\MCUXpressoIDE_10.0.2_411\workspace\lpc_chip_40xx\Debug\liblpc_chip_40xx.a(clock_17xx_40xx.o)
                0x00002558                Chip_Clock_SetSPIFIClockDiv
 .text.Chip_Clock_GetEMCClockDiv
                0x00002588       0x1c C:\Users\Emilie1\Documents\MCUXpressoIDE_10.0.2_411\workspace\lpc_chip_40xx\Debug\liblpc_chip_40xx.a(emc_17xx_40xx.o)
 .text.Chip_Clock_GetEMCClockRate
                0x000025a4       0x18 C:\Users\Emilie1\Documents\MCUXpressoIDE_10.0.2_411\workspace\lpc_chip_40xx\Debug\liblpc_chip_40xx.a(emc_17xx_40xx.o)
 .text.convertTimmingParam
                0x000025bc       0x6c C:\Users\Emilie1\Documents\MCUXpressoIDE_10.0.2_411\workspace\lpc_chip_40xx\Debug\liblpc_chip_40xx.a(emc_17xx_40xx.o)
 .text.getColsLen
                0x00002628       0x50 C:\Users\Emilie1\Documents\MCUXpressoIDE_10.0.2_411\workspace\lpc_chip_40xx\Debug\liblpc_chip_40xx.a(emc_17xx_40xx.o)
 .text.initDynMem
                0x00002678      0x294 C:\Users\Emilie1\Documents\MCUXpressoIDE_10.0.2_411\workspace\lpc_chip_40xx\Debug\liblpc_chip_40xx.a(emc_17xx_40xx.o)
                0x00002678                initDynMem
 .text.initStaticMem
                0x0000290c       0xb0 C:\Users\Emilie1\Documents\MCUXpressoIDE_10.0.2_411\workspace\lpc_chip_40xx\Debug\liblpc_chip_40xx.a(emc_17xx_40xx.o)
                0x0000290c                initStaticMem
 .text.Chip_EMC_Dynamic_Init
                0x000029bc       0x24 C:\Users\Emilie1\Documents\MCUXpressoIDE_10.0.2_411\workspace\lpc_chip_40xx\Debug\liblpc_chip_40xx.a(emc_17xx_40xx.o)
                0x000029bc                Chip_EMC_Dynamic_Init
 .text.Chip_EMC_Static_Init
                0x000029e0       0x24 C:\Users\Emilie1\Documents\MCUXpressoIDE_10.0.2_411\workspace\lpc_chip_40xx\Debug\liblpc_chip_40xx.a(emc_17xx_40xx.o)
                0x000029e0                Chip_EMC_Static_Init
 .text.Chip_EMC_Init
                0x00002a04       0x50 C:\Users\Emilie1\Documents\MCUXpressoIDE_10.0.2_411\workspace\lpc_chip_40xx\Debug\liblpc_chip_40xx.a(emc_17xx_40xx.o)
                0x00002a04                Chip_EMC_Init
 .text.fpuInit  0x00002a54       0x74 C:\Users\Emilie1\Documents\MCUXpressoIDE_10.0.2_411\workspace\lpc_chip_40xx\Debug\liblpc_chip_40xx.a(fpu_init.o)
                0x00002a54                fpuInit
 .text.Chip_IOCON_PinMuxSet
                0x00002ac8       0x30 C:\Users\Emilie1\Documents\MCUXpressoIDE_10.0.2_411\workspace\lpc_chip_40xx\Debug\liblpc_chip_40xx.a(iocon_17xx_40xx.o)
 .text.Chip_IOCON_SetPinMuxing
                0x00002af8       0x64 C:\Users\Emilie1\Documents\MCUXpressoIDE_10.0.2_411\workspace\lpc_chip_40xx\Debug\liblpc_chip_40xx.a(iocon_17xx_40xx.o)
                0x00002af8                Chip_IOCON_SetPinMuxing
 .text.Chip_SYSCTL_PeriphReset
                0x00002b5c       0x68 C:\Users\Emilie1\Documents\MCUXpressoIDE_10.0.2_411\workspace\lpc_chip_40xx\Debug\liblpc_chip_40xx.a(sysctl_17xx_40xx.o)
                0x00002b5c                Chip_SYSCTL_PeriphReset
 .text.Chip_Clock_IsMainPLLEnabled
                0x00002bc4       0x28 C:\Users\Emilie1\Documents\MCUXpressoIDE_10.0.2_411\workspace\lpc_chip_40xx\Debug\liblpc_chip_40xx.a(sysinit_17xx_40xx.o)
 .text.Chip_Clock_IsMainPLLLocked
                0x00002bec       0x28 C:\Users\Emilie1\Documents\MCUXpressoIDE_10.0.2_411\workspace\lpc_chip_40xx\Debug\liblpc_chip_40xx.a(sysinit_17xx_40xx.o)
 .text.Chip_Clock_EnableCrystal
                0x00002c14       0x24 C:\Users\Emilie1\Documents\MCUXpressoIDE_10.0.2_411\workspace\lpc_chip_40xx\Debug\liblpc_chip_40xx.a(sysinit_17xx_40xx.o)
 .text.Chip_Clock_IsCrystalEnabled
                0x00002c38       0x28 C:\Users\Emilie1\Documents\MCUXpressoIDE_10.0.2_411\workspace\lpc_chip_40xx\Debug\liblpc_chip_40xx.a(sysinit_17xx_40xx.o)
 .text.Chip_Clock_SetMainPLLSource
                0x00002c60       0x24 C:\Users\Emilie1\Documents\MCUXpressoIDE_10.0.2_411\workspace\lpc_chip_40xx\Debug\liblpc_chip_40xx.a(sysinit_17xx_40xx.o)
 .text.Chip_Clock_SetPCLKDiv
                0x00002c84       0x20 C:\Users\Emilie1\Documents\MCUXpressoIDE_10.0.2_411\workspace\lpc_chip_40xx\Debug\liblpc_chip_40xx.a(sysinit_17xx_40xx.o)
 .text.Chip_SetupXtalClocking
                0x00002ca4       0x84 C:\Users\Emilie1\Documents\MCUXpressoIDE_10.0.2_411\workspace\lpc_chip_40xx\Debug\liblpc_chip_40xx.a(sysinit_17xx_40xx.o)
                0x00002ca4                Chip_SetupXtalClocking
 .text.__main   0x00002d28        0xe c:/nxp/mcuxpressoide_10.0.2_411/ide/tools/bin/../lib/gcc/arm-none-eabi/5.4.1/../../../../arm-none-eabi/lib/armv7e-m/softfp\libcr_semihost_nf.a(_cr__main.o)
                0x00002d28                __CR_SEMIHOST
                0x00002d28                __main
 .text.memcpy   0x00002d36        0x4 c:/nxp/mcuxpressoide_10.0.2_411/ide/tools/bin/../lib/gcc/arm-none-eabi/5.4.1/../../../../arm-none-eabi/lib/armv7e-m/softfp\libcr_c.a(memcpy.o)
                0x00002d36                memcpy
 .text.memset   0x00002d3a        0x4 c:/nxp/mcuxpressoide_10.0.2_411/ide/tools/bin/../lib/gcc/arm-none-eabi/5.4.1/../../../../arm-none-eabi/lib/armv7e-m/softfp\libcr_c.a(memset.o)
                0x00002d3a                memset
 *fill*         0x00002d3e        0x2 ff
 .text.malloc   0x00002d40       0xc8 c:/nxp/mcuxpressoide_10.0.2_411/ide/tools/bin/../lib/gcc/arm-none-eabi/5.4.1/../../../../arm-none-eabi/lib/armv7e-m/softfp\libcr_c.a(alloc.o)
                0x00002d40                malloc
 .text.free     0x00002e08       0x30 c:/nxp/mcuxpressoide_10.0.2_411/ide/tools/bin/../lib/gcc/arm-none-eabi/5.4.1/../../../../arm-none-eabi/lib/armv7e-m/softfp\libcr_c.a(alloc.o)
                0x00002e08                free
 .text._initio  0x00002e38       0x78 c:/nxp/mcuxpressoide_10.0.2_411/ide/tools/bin/../lib/gcc/arm-none-eabi/5.4.1/../../../../arm-none-eabi/lib/armv7e-m/softfp\libcr_c.a(initio.o)
                0x00002e38                _initio
 .text.puts     0x00002eb0       0x34 c:/nxp/mcuxpressoide_10.0.2_411/ide/tools/bin/../lib/gcc/arm-none-eabi/5.4.1/../../../../arm-none-eabi/lib/armv7e-m/softfp\libcr_c.a(puts.o)
                0x00002eb0                puts
 .text.setvbuf  0x00002ee4       0x44 c:/nxp/mcuxpressoide_10.0.2_411/ide/tools/bin/../lib/gcc/arm-none-eabi/5.4.1/../../../../arm-none-eabi/lib/armv7e-m/softfp\libcr_c.a(setvbuf.o)
                0x00002ee4                setvbuf
 .text.strlen   0x00002f28       0x4a c:/nxp/mcuxpressoide_10.0.2_411/ide/tools/bin/../lib/gcc/arm-none-eabi/5.4.1/../../../../arm-none-eabi/lib/armv7e-m/softfp\libcr_c.a(strlen.o)
                0x00002f28                strlen
 *fill*         0x00002f72        0x2 ff
 .text._sbrk    0x00002f74       0x40 c:/nxp/mcuxpressoide_10.0.2_411/ide/tools/bin/../lib/gcc/arm-none-eabi/5.4.1/../../../../arm-none-eabi/lib/armv7e-m/softfp\libcr_c.a(_cr_sbrk.o)
                0x00002f74                _sbrk
 .text._deferredlazyseek
                0x00002fb4       0x40 c:/nxp/mcuxpressoide_10.0.2_411/ide/tools/bin/../lib/gcc/arm-none-eabi/5.4.1/../../../../arm-none-eabi/lib/armv7e-m/softfp\libcr_c.a(_deferredlazyseek.o)
                0x00002fb4                _deferredlazyseek
 .text._fdopen  0x00002ff4       0x6a c:/nxp/mcuxpressoide_10.0.2_411/ide/tools/bin/../lib/gcc/arm-none-eabi/5.4.1/../../../../arm-none-eabi/lib/armv7e-m/softfp\libcr_c.a(_fdopen.o)
                0x00002ff4                _fdopen
 .text._fflush  0x0000305e       0x54 c:/nxp/mcuxpressoide_10.0.2_411/ide/tools/bin/../lib/gcc/arm-none-eabi/5.4.1/../../../../arm-none-eabi/lib/armv7e-m/softfp\libcr_c.a(_fflush.o)
                0x0000305e                _fflush
 *fill*         0x000030b2        0x2 ff
 .text._Cwritebuf
                0x000030b4       0x68 c:/nxp/mcuxpressoide_10.0.2_411/ide/tools/bin/../lib/gcc/arm-none-eabi/5.4.1/../../../../arm-none-eabi/lib/armv7e-m/softfp\libcr_c.a(_writebuf.o)
                0x000030b4                _Cwritebuf
 .text.fclose   0x0000311c       0x58 c:/nxp/mcuxpressoide_10.0.2_411/ide/tools/bin/../lib/gcc/arm-none-eabi/5.4.1/../../../../arm-none-eabi/lib/armv7e-m/softfp\libcr_c.a(fclose.o)
                0x0000311c                fclose
 .text.fflush   0x00003174       0x48 c:/nxp/mcuxpressoide_10.0.2_411/ide/tools/bin/../lib/gcc/arm-none-eabi/5.4.1/../../../../arm-none-eabi/lib/armv7e-m/softfp\libcr_c.a(fflush.o)
                0x00003174                fflush
 .text.fseek    0x000031bc      0x100 c:/nxp/mcuxpressoide_10.0.2_411/ide/tools/bin/../lib/gcc/arm-none-eabi/5.4.1/../../../../arm-none-eabi/lib/armv7e-m/softfp\libcr_c.a(fseek.o)
                0x000031bc                fseek
 .text.ftell    0x000032bc       0x48 c:/nxp/mcuxpressoide_10.0.2_411/ide/tools/bin/../lib/gcc/arm-none-eabi/5.4.1/../../../../arm-none-eabi/lib/armv7e-m/softfp\libcr_c.a(ftell.o)
                0x000032bc                ftell
 .text.remove   0x00003304       0x14 c:/nxp/mcuxpressoide_10.0.2_411/ide/tools/bin/../lib/gcc/arm-none-eabi/5.4.1/../../../../arm-none-eabi/lib/armv7e-m/softfp\libcr_c.a(remove.o)
                0x00003304                remove
 .text.__check_heap_overflow
                0x00003318       0x18 c:/nxp/mcuxpressoide_10.0.2_411/ide/tools/bin/../lib/gcc/arm-none-eabi/5.4.1/../../../../arm-none-eabi/lib/armv7e-m/softfp\libcr_c.a(_cr_check_heap.o)
                0x00003318                __check_heap_overflow
 .text._do_fflush
                0x00003330       0x42 c:/nxp/mcuxpressoide_10.0.2_411/ide/tools/bin/../lib/gcc/arm-none-eabi/5.4.1/../../../../arm-none-eabi/lib/armv7e-m/softfp\libcr_c.a(_do_fflush.o)
                0x00003330                _do_fflush
 .text.__aeabi_memcpy
                0x00003372       0x34 c:/nxp/mcuxpressoide_10.0.2_411/ide/tools/bin/../lib/gcc/arm-none-eabi/5.4.1/armv7e-m/softfp\libcr_eabihelpers.a(memcpy.o)
                0x00003372                __aeabi_memcpy
                0x0000337c                __aeabi_memcpy8
                0x0000337c                __aeabi_memcpy4
 .text.__aeabi_memset_lowlevel
                0x000033a6       0x32 c:/nxp/mcuxpressoide_10.0.2_411/ide/tools/bin/../lib/gcc/arm-none-eabi/5.4.1/armv7e-m/softfp\libcr_eabihelpers.a(memcpy.o)
                0x000033a6                __aeabi_lowlevel_memset
 .text.__sys_close
                0x000033d8        0xc c:/nxp/mcuxpressoide_10.0.2_411/ide/tools/bin/../lib/gcc/arm-none-eabi/5.4.1/../../../../arm-none-eabi/lib/armv7e-m/softfp\libcr_semihost_nf.a(__sys_close.o)
                0x000033d8                __sys_close
 .text.__sys_flen
                0x000033e4        0xc c:/nxp/mcuxpressoide_10.0.2_411/ide/tools/bin/../lib/gcc/arm-none-eabi/5.4.1/../../../../arm-none-eabi/lib/armv7e-m/softfp\libcr_semihost_nf.a(__sys_flen.o)
                0x000033e4                __sys_flen
 .text.__sys_istty
                0x000033f0        0xc c:/nxp/mcuxpressoide_10.0.2_411/ide/tools/bin/../lib/gcc/arm-none-eabi/5.4.1/../../../../arm-none-eabi/lib/armv7e-m/softfp\libcr_semihost_nf.a(__sys_istty.o)
                0x000033f0                __sys_istty
 .text.__sys_remove
                0x000033fc        0xc c:/nxp/mcuxpressoide_10.0.2_411/ide/tools/bin/../lib/gcc/arm-none-eabi/5.4.1/../../../../arm-none-eabi/lib/armv7e-m/softfp\libcr_semihost_nf.a(__sys_remove.o)
                0x000033fc                __sys_remove
 .text.__sys_seek
                0x00003408        0xc c:/nxp/mcuxpressoide_10.0.2_411/ide/tools/bin/../lib/gcc/arm-none-eabi/5.4.1/../../../../arm-none-eabi/lib/armv7e-m/softfp\libcr_semihost_nf.a(__sys_seek.o)
                0x00003408                __sys_seek
 .text.__sys_tmpnam
                0x00003414        0xc c:/nxp/mcuxpressoide_10.0.2_411/ide/tools/bin/../lib/gcc/arm-none-eabi/5.4.1/../../../../arm-none-eabi/lib/armv7e-m/softfp\libcr_semihost_nf.a(__sys_tmpnam.o)
                0x00003414                __sys_tmpnam
 .text.__sys_write
                0x00003420        0xc c:/nxp/mcuxpressoide_10.0.2_411/ide/tools/bin/../lib/gcc/arm-none-eabi/5.4.1/../../../../arm-none-eabi/lib/armv7e-m/softfp\libcr_semihost_nf.a(__sys_write.o)
                0x00003420                __sys_write
 *(.rodata .rodata.* .constdata .constdata.*)
 .rodata        0x0000342c        0x5 ./freertos/src/tasks.o
 *fill*         0x00003431        0x3 ff
 .rodata        0x00003434       0x20 ./example/src/freertos_can.o
 .rodata.ledports
                0x00003454        0x4 C:\Users\Emilie1\Documents\MCUXpressoIDE_10.0.2_411\workspace\lpc_board_ea_devkit_4088\Debug\liblpc_board_ea_devkit_4088.a(board.o)
 .rodata.ledpins
                0x00003458        0x4 C:\Users\Emilie1\Documents\MCUXpressoIDE_10.0.2_411\workspace\lpc_board_ea_devkit_4088\Debug\liblpc_board_ea_devkit_4088.a(board.o)
 .rodata.pinmuxing
                0x0000345c       0x88 C:\Users\Emilie1\Documents\MCUXpressoIDE_10.0.2_411\workspace\lpc_board_ea_devkit_4088\Debug\liblpc_board_ea_devkit_4088.a(board_sysinit.o)
 .rodata.IS42S32800D_config
                0x000034e4       0x74 C:\Users\Emilie1\Documents\MCUXpressoIDE_10.0.2_411\workspace\lpc_board_ea_devkit_4088\Debug\liblpc_board_ea_devkit_4088.a(board_sysinit.o)
 .rodata.SST39VF320_config
                0x00003558       0x20 C:\Users\Emilie1\Documents\MCUXpressoIDE_10.0.2_411\workspace\lpc_board_ea_devkit_4088\Debug\liblpc_board_ea_devkit_4088.a(board_sysinit.o)
 .rodata.K9F1G_config
                0x00003578       0x20 C:\Users\Emilie1\Documents\MCUXpressoIDE_10.0.2_411\workspace\lpc_board_ea_devkit_4088\Debug\liblpc_board_ea_devkit_4088.a(board_sysinit.o)
 .rodata.str1.1
                0x00003598        0x4 c:/nxp/mcuxpressoide_10.0.2_411/ide/tools/bin/../lib/gcc/arm-none-eabi/5.4.1/../../../../arm-none-eabi/lib/armv7e-m/softfp\libcr_c.a(initio.o)
 .rodata.str1.1
                0x0000359c        0x2 c:/nxp/mcuxpressoide_10.0.2_411/ide/tools/bin/../lib/gcc/arm-none-eabi/5.4.1/../../../../arm-none-eabi/lib/armv7e-m/softfp\libcr_c.a(puts.o)
 *fill*         0x0000359e        0x2 ff
 .rodata.__num_Ciob_streams
                0x000035a0        0x4 c:/nxp/mcuxpressoide_10.0.2_411/ide/tools/bin/../lib/gcc/arm-none-eabi/5.4.1/../../../../arm-none-eabi/lib/armv7e-m/softfp\libcr_semihost_nf.a(__ciob.o)
                0x000035a0                __num_Ciob_streams
                0x000035a4                . = ALIGN (0x4)

.glue_7         0x000035a4        0x0
 .glue_7        0x000035a4        0x0 linker stubs

.glue_7t        0x000035a4        0x0
 .glue_7t       0x000035a4        0x0 linker stubs

.vfp11_veneer   0x000035a4        0x0
 .vfp11_veneer  0x000035a4        0x0 linker stubs

.v4_bx          0x000035a4        0x0
 .v4_bx         0x000035a4        0x0 linker stubs

.iplt           0x000035a4        0x0
 .iplt          0x000035a4        0x0 ./freertos/src/FreeRTOSCommonHooks.o

.rel.dyn        0x000035a4        0x0
 .rel.iplt      0x000035a4        0x0 ./freertos/src/FreeRTOSCommonHooks.o

.ARM.extab
 *(.ARM.extab* .gnu.linkonce.armextab.*)
                0x000035a4                __exidx_start = .

.ARM.exidx
 *(.ARM.exidx* .gnu.linkonce.armexidx.*)
                0x000035a4                __exidx_end = .
                0x000035a4                _etext = .

.data_RAM2      0x20000000        0x0 load address 0x000035a4
 FILL mask 0xff
                [!provide]                PROVIDE (__start_data_RAM2, .)
 *(.ramfunc.$RAM2)
 *(.ramfunc.$RamPeriph32)
 *(.data.$RAM2*)
 *(.data.$RamPeriph32*)
                0x20000000                . = ALIGN (0x4)
                [!provide]                PROVIDE (__end_data_RAM2, .)

.uninit_RESERVED
                0x10000000        0x0
 *(.bss.$RESERVED*)
                0x10000000                . = ALIGN (0x4)
                0x10000000                _end_uninit_RESERVED = .

.data           0x10000000        0x8 load address 0x000035a4
 FILL mask 0xff
                0x10000000                _data = .
 *(vtable)
 *(.ramfunc*)
 *(.data*)
 .data.uxCriticalNesting
                0x10000000        0x4 ./freertos/src/port.o
 .data.xNextTaskUnblockTime
                0x10000004        0x4 ./freertos/src/tasks.o
                0x10000008                . = ALIGN (0x4)
                0x10000008                _edata = .

.igot.plt       0x10000008        0x0 load address 0x000035ac
 .igot.plt      0x10000008        0x0 ./freertos/src/FreeRTOSCommonHooks.o

.bss_RAM2       0x20000000        0x0
                [!provide]                PROVIDE (__start_bss_RAM2, .)
 *(.bss.$RAM2*)
 *(.bss.$RamPeriph32*)
                0x20000000                . = ALIGN ((. != 0x0)?0x4:0x1)
                [!provide]                PROVIDE (__end_bss_RAM2, .)

.bss            0x10000008      0x210
                0x10000008                _bss = .
 *(.bss*)
 .bss.ulTimerCountsForOneTick
                0x10000008        0x4 ./freertos/src/port.o
 .bss.xMaximumPossibleSuppressedTicks
                0x1000000c        0x4 ./freertos/src/port.o
 .bss.ulStoppedTimerCompensation
                0x10000010        0x4 ./freertos/src/port.o
 .bss.pxCurrentTCB
                0x10000014        0x4 ./freertos/src/tasks.o
                0x10000014                pxCurrentTCB
 .bss.pxReadyTasksLists
                0x10000018       0xa0 ./freertos/src/tasks.o
 .bss.xDelayedTaskList1
                0x100000b8       0x14 ./freertos/src/tasks.o
 .bss.xDelayedTaskList2
                0x100000cc       0x14 ./freertos/src/tasks.o
 .bss.pxDelayedTaskList
                0x100000e0        0x4 ./freertos/src/tasks.o
 .bss.pxOverflowDelayedTaskList
                0x100000e4        0x4 ./freertos/src/tasks.o
 .bss.xPendingReadyList
                0x100000e8       0x14 ./freertos/src/tasks.o
 .bss.xTasksWaitingTermination
                0x100000fc       0x14 ./freertos/src/tasks.o
 .bss.uxTasksDeleted
                0x10000110        0x4 ./freertos/src/tasks.o
 .bss.xSuspendedTaskList
                0x10000114       0x14 ./freertos/src/tasks.o
 .bss.uxCurrentNumberOfTasks
                0x10000128        0x4 ./freertos/src/tasks.o
 .bss.xTickCount
                0x1000012c        0x4 ./freertos/src/tasks.o
 .bss.uxTopReadyPriority
                0x10000130        0x4 ./freertos/src/tasks.o
 .bss.xSchedulerRunning
                0x10000134        0x4 ./freertos/src/tasks.o
 .bss.uxSchedulerSuspended
                0x10000138        0x4 ./freertos/src/tasks.o
 .bss.uxPendedTicks
                0x1000013c        0x4 ./freertos/src/tasks.o
 .bss.xYieldPending
                0x10000140        0x4 ./freertos/src/tasks.o
 .bss.xNumOfOverflows
                0x10000144        0x4 ./freertos/src/tasks.o
 .bss.uxTaskNumber
                0x10000148        0x4 ./freertos/src/tasks.o
 .bss.__heaps   0x1000014c        0x4 c:/nxp/mcuxpressoide_10.0.2_411/ide/tools/bin/../lib/gcc/arm-none-eabi/5.4.1/../../../../arm-none-eabi/lib/armv7e-m/softfp\libcr_c.a(__init_alloc.o)
                0x1000014c                __heaps
 .bss.__end_of_heap
                0x10000150        0x4 c:/nxp/mcuxpressoide_10.0.2_411/ide/tools/bin/../lib/gcc/arm-none-eabi/5.4.1/../../../../arm-none-eabi/lib/armv7e-m/softfp\libcr_c.a(__init_alloc.o)
                0x10000150                __end_of_heap
 .bss.errno     0x10000154        0x4 c:/nxp/mcuxpressoide_10.0.2_411/ide/tools/bin/../lib/gcc/arm-none-eabi/5.4.1/../../../../arm-none-eabi/lib/armv7e-m/softfp\libcr_c.a(errno.o)
                0x10000154                errno
 .bss.__Ciob    0x10000158       0xb4 c:/nxp/mcuxpressoide_10.0.2_411/ide/tools/bin/../lib/gcc/arm-none-eabi/5.4.1/../../../../arm-none-eabi/lib/armv7e-m/softfp\libcr_semihost_nf.a(__ciob.o)
                0x10000158                __Ciob
 *(COMMON)
 COMMON         0x1000020c        0x8 ./example/src/freertos_can.o
                0x1000020c                btn_semaphore
                0x10000210                task_woken
 COMMON         0x10000214        0x4 C:\Users\Emilie1\Documents\MCUXpressoIDE_10.0.2_411\workspace\lpc_chip_40xx\Debug\liblpc_chip_40xx.a(chip_17xx_40xx.o)
                0x10000214                SystemCoreClock
                0x10000218                . = ALIGN (0x4)
                0x10000218                _ebss = .
                [!provide]                PROVIDE (end, .)

.noinit_RAM2    0x20000000        0x0
 *(.noinit.$RAM2*)
 *(.noinit.$RamPeriph32*)
                0x20000000                . = ALIGN (0x4)

.noinit         0x10000218        0x0
                0x10000218                _noinit = .
 *(.noinit*)
                0x10000218                . = ALIGN (0x4)
                0x10000218                _end_noinit = .
                0x10000218                PROVIDE (_pvHeapStart, DEFINED (__user_heap_base)?__user_heap_base:.)
                0x10010000                PROVIDE (_vStackTop, DEFINED (__user_stack_top)?__user_stack_top:(__top_RamLoc64 - 0x0))
                [!provide]                PROVIDE (__valid_user_code_checksum, (0x0 - ((((((_vStackTop + (ResetISR + 0x1)) + (NMI_Handler + 0x1)) + (HardFault_Handler + 0x1)) + (DEFINED (MemManage_Handler)?MemManage_Handler:0x0 + 0x1)) + (DEFINED (BusFault_Handler)?BusFault_Handler:0x0 + 0x1)) + (DEFINED (UsageFault_Handler)?UsageFault_Handler:0x0 + 0x1))))
OUTPUT(freertos_CAN.axf elf32-littlearm)

.debug_info     0x00000000     0x867c
 .debug_info    0x00000000      0x194 ./freertos/src/FreeRTOSCommonHooks.o
 .debug_info    0x00000194      0x129 ./freertos/src/heap_3.o
 .debug_info    0x000002bd      0x2c4 ./freertos/src/list.o
 .debug_info    0x00000581      0x405 ./freertos/src/port.o
 .debug_info    0x00000986      0xbee ./freertos/src/queue.o
 .debug_info    0x00001574     0x1215 ./freertos/src/tasks.o
 .debug_info    0x00002789      0x262 ./example/src/cr_startup_lpc40xx.o
 .debug_info    0x000029eb      0x36a ./example/src/freertos_can.o
 .debug_info    0x00002d55      0x836 ./example/src/io.o
 .debug_info    0x0000358b      0x105 ./example/src/sysinit.o
 .debug_info    0x00003690     0x1b23 C:\Users\Emilie1\Documents\MCUXpressoIDE_10.0.2_411\workspace\lpc_board_ea_devkit_4088\Debug\liblpc_board_ea_devkit_4088.a(board.o)
 .debug_info    0x000051b3      0xa11 C:\Users\Emilie1\Documents\MCUXpressoIDE_10.0.2_411\workspace\lpc_board_ea_devkit_4088\Debug\liblpc_board_ea_devkit_4088.a(board_sysinit.o)
 .debug_info    0x00005bc4      0x5ef C:\Users\Emilie1\Documents\MCUXpressoIDE_10.0.2_411\workspace\lpc_chip_40xx\Debug\liblpc_chip_40xx.a(chip_17xx_40xx.o)
 .debug_info    0x000061b3      0xb7a C:\Users\Emilie1\Documents\MCUXpressoIDE_10.0.2_411\workspace\lpc_chip_40xx\Debug\liblpc_chip_40xx.a(clock_17xx_40xx.o)
 .debug_info    0x00006d2d      0xc4c C:\Users\Emilie1\Documents\MCUXpressoIDE_10.0.2_411\workspace\lpc_chip_40xx\Debug\liblpc_chip_40xx.a(emc_17xx_40xx.o)
 .debug_info    0x00007979      0x128 C:\Users\Emilie1\Documents\MCUXpressoIDE_10.0.2_411\workspace\lpc_chip_40xx\Debug\liblpc_chip_40xx.a(fpu_init.o)
 .debug_info    0x00007aa1      0x1f3 C:\Users\Emilie1\Documents\MCUXpressoIDE_10.0.2_411\workspace\lpc_chip_40xx\Debug\liblpc_chip_40xx.a(iocon_17xx_40xx.o)
 .debug_info    0x00007c94      0x507 C:\Users\Emilie1\Documents\MCUXpressoIDE_10.0.2_411\workspace\lpc_chip_40xx\Debug\liblpc_chip_40xx.a(sysctl_17xx_40xx.o)
 .debug_info    0x0000819b      0x4e1 C:\Users\Emilie1\Documents\MCUXpressoIDE_10.0.2_411\workspace\lpc_chip_40xx\Debug\liblpc_chip_40xx.a(sysinit_17xx_40xx.o)

.debug_abbrev   0x00000000     0x1dcd
 .debug_abbrev  0x00000000      0x129 ./freertos/src/FreeRTOSCommonHooks.o
 .debug_abbrev  0x00000129       0xd4 ./freertos/src/heap_3.o
 .debug_abbrev  0x000001fd       0xec ./freertos/src/list.o
 .debug_abbrev  0x000002e9      0x1df ./freertos/src/port.o
 .debug_abbrev  0x000004c8      0x206 ./freertos/src/queue.o
 .debug_abbrev  0x000006ce      0x246 ./freertos/src/tasks.o
 .debug_abbrev  0x00000914       0xf5 ./example/src/cr_startup_lpc40xx.o
 .debug_abbrev  0x00000a09      0x151 ./example/src/freertos_can.o
 .debug_abbrev  0x00000b5a      0x1bf ./example/src/io.o
 .debug_abbrev  0x00000d19       0xa3 ./example/src/sysinit.o
 .debug_abbrev  0x00000dbc      0x36a C:\Users\Emilie1\Documents\MCUXpressoIDE_10.0.2_411\workspace\lpc_board_ea_devkit_4088\Debug\liblpc_board_ea_devkit_4088.a(board.o)
 .debug_abbrev  0x00001126      0x234 C:\Users\Emilie1\Documents\MCUXpressoIDE_10.0.2_411\workspace\lpc_board_ea_devkit_4088\Debug\liblpc_board_ea_devkit_4088.a(board_sysinit.o)
 .debug_abbrev  0x0000135a      0x15e C:\Users\Emilie1\Documents\MCUXpressoIDE_10.0.2_411\workspace\lpc_chip_40xx\Debug\liblpc_chip_40xx.a(chip_17xx_40xx.o)
 .debug_abbrev  0x000014b8      0x2b4 C:\Users\Emilie1\Documents\MCUXpressoIDE_10.0.2_411\workspace\lpc_chip_40xx\Debug\liblpc_chip_40xx.a(clock_17xx_40xx.o)
 .debug_abbrev  0x0000176c      0x1fb C:\Users\Emilie1\Documents\MCUXpressoIDE_10.0.2_411\workspace\lpc_chip_40xx\Debug\liblpc_chip_40xx.a(emc_17xx_40xx.o)
 .debug_abbrev  0x00001967       0x84 C:\Users\Emilie1\Documents\MCUXpressoIDE_10.0.2_411\workspace\lpc_chip_40xx\Debug\liblpc_chip_40xx.a(fpu_init.o)
 .debug_abbrev  0x000019eb      0x122 C:\Users\Emilie1\Documents\MCUXpressoIDE_10.0.2_411\workspace\lpc_chip_40xx\Debug\liblpc_chip_40xx.a(iocon_17xx_40xx.o)
 .debug_abbrev  0x00001b0d      0x14b C:\Users\Emilie1\Documents\MCUXpressoIDE_10.0.2_411\workspace\lpc_chip_40xx\Debug\liblpc_chip_40xx.a(sysctl_17xx_40xx.o)
 .debug_abbrev  0x00001c58      0x175 C:\Users\Emilie1\Documents\MCUXpressoIDE_10.0.2_411\workspace\lpc_chip_40xx\Debug\liblpc_chip_40xx.a(sysinit_17xx_40xx.o)

.debug_aranges  0x00000000      0x9b0
 .debug_aranges
                0x00000000       0x40 ./freertos/src/FreeRTOSCommonHooks.o
 .debug_aranges
                0x00000040       0x28 ./freertos/src/heap_3.o
 .debug_aranges
                0x00000068       0x40 ./freertos/src/list.o
 .debug_aranges
                0x000000a8       0x98 ./freertos/src/port.o
 .debug_aranges
                0x00000140       0xf0 ./freertos/src/queue.o
 .debug_aranges
                0x00000230      0x170 ./freertos/src/tasks.o
 .debug_aranges
                0x000003a0       0x80 ./example/src/cr_startup_lpc40xx.o
 .debug_aranges
                0x00000420       0x40 ./example/src/freertos_can.o
 .debug_aranges
                0x00000460       0x60 ./example/src/io.o
 .debug_aranges
                0x000004c0       0x20 ./example/src/sysinit.o
 .debug_aranges
                0x000004e0      0x1c8 C:\Users\Emilie1\Documents\MCUXpressoIDE_10.0.2_411\workspace\lpc_board_ea_devkit_4088\Debug\liblpc_board_ea_devkit_4088.a(board.o)
 .debug_aranges
                0x000006a8       0x50 C:\Users\Emilie1\Documents\MCUXpressoIDE_10.0.2_411\workspace\lpc_board_ea_devkit_4088\Debug\liblpc_board_ea_devkit_4088.a(board_sysinit.o)
 .debug_aranges
                0x000006f8       0x30 C:\Users\Emilie1\Documents\MCUXpressoIDE_10.0.2_411\workspace\lpc_chip_40xx\Debug\liblpc_chip_40xx.a(chip_17xx_40xx.o)
 .debug_aranges
                0x00000728      0x138 C:\Users\Emilie1\Documents\MCUXpressoIDE_10.0.2_411\workspace\lpc_chip_40xx\Debug\liblpc_chip_40xx.a(clock_17xx_40xx.o)
 .debug_aranges
                0x00000860       0x80 C:\Users\Emilie1\Documents\MCUXpressoIDE_10.0.2_411\workspace\lpc_chip_40xx\Debug\liblpc_chip_40xx.a(emc_17xx_40xx.o)
 .debug_aranges
                0x000008e0       0x20 C:\Users\Emilie1\Documents\MCUXpressoIDE_10.0.2_411\workspace\lpc_chip_40xx\Debug\liblpc_chip_40xx.a(fpu_init.o)
 .debug_aranges
                0x00000900       0x28 C:\Users\Emilie1\Documents\MCUXpressoIDE_10.0.2_411\workspace\lpc_chip_40xx\Debug\liblpc_chip_40xx.a(iocon_17xx_40xx.o)
 .debug_aranges
                0x00000928       0x28 C:\Users\Emilie1\Documents\MCUXpressoIDE_10.0.2_411\workspace\lpc_chip_40xx\Debug\liblpc_chip_40xx.a(sysctl_17xx_40xx.o)
 .debug_aranges
                0x00000950       0x60 C:\Users\Emilie1\Documents\MCUXpressoIDE_10.0.2_411\workspace\lpc_chip_40xx\Debug\liblpc_chip_40xx.a(sysinit_17xx_40xx.o)

.debug_ranges   0x00000000      0x880
 .debug_ranges  0x00000000       0x30 ./freertos/src/FreeRTOSCommonHooks.o
 .debug_ranges  0x00000030       0x18 ./freertos/src/heap_3.o
 .debug_ranges  0x00000048       0x30 ./freertos/src/list.o
 .debug_ranges  0x00000078       0x88 ./freertos/src/port.o
 .debug_ranges  0x00000100       0xe0 ./freertos/src/queue.o
 .debug_ranges  0x000001e0      0x160 ./freertos/src/tasks.o
 .debug_ranges  0x00000340       0x70 ./example/src/cr_startup_lpc40xx.o
 .debug_ranges  0x000003b0       0x30 ./example/src/freertos_can.o
 .debug_ranges  0x000003e0       0x50 ./example/src/io.o
 .debug_ranges  0x00000430       0x10 ./example/src/sysinit.o
 .debug_ranges  0x00000440      0x1b8 C:\Users\Emilie1\Documents\MCUXpressoIDE_10.0.2_411\workspace\lpc_board_ea_devkit_4088\Debug\liblpc_board_ea_devkit_4088.a(board.o)
 .debug_ranges  0x000005f8       0x40 C:\Users\Emilie1\Documents\MCUXpressoIDE_10.0.2_411\workspace\lpc_board_ea_devkit_4088\Debug\liblpc_board_ea_devkit_4088.a(board_sysinit.o)
 .debug_ranges  0x00000638       0x20 C:\Users\Emilie1\Documents\MCUXpressoIDE_10.0.2_411\workspace\lpc_chip_40xx\Debug\liblpc_chip_40xx.a(chip_17xx_40xx.o)
 .debug_ranges  0x00000658      0x128 C:\Users\Emilie1\Documents\MCUXpressoIDE_10.0.2_411\workspace\lpc_chip_40xx\Debug\liblpc_chip_40xx.a(clock_17xx_40xx.o)
 .debug_ranges  0x00000780       0x70 C:\Users\Emilie1\Documents\MCUXpressoIDE_10.0.2_411\workspace\lpc_chip_40xx\Debug\liblpc_chip_40xx.a(emc_17xx_40xx.o)
 .debug_ranges  0x000007f0       0x10 C:\Users\Emilie1\Documents\MCUXpressoIDE_10.0.2_411\workspace\lpc_chip_40xx\Debug\liblpc_chip_40xx.a(fpu_init.o)
 .debug_ranges  0x00000800       0x18 C:\Users\Emilie1\Documents\MCUXpressoIDE_10.0.2_411\workspace\lpc_chip_40xx\Debug\liblpc_chip_40xx.a(iocon_17xx_40xx.o)
 .debug_ranges  0x00000818       0x18 C:\Users\Emilie1\Documents\MCUXpressoIDE_10.0.2_411\workspace\lpc_chip_40xx\Debug\liblpc_chip_40xx.a(sysctl_17xx_40xx.o)
 .debug_ranges  0x00000830       0x50 C:\Users\Emilie1\Documents\MCUXpressoIDE_10.0.2_411\workspace\lpc_chip_40xx\Debug\liblpc_chip_40xx.a(sysinit_17xx_40xx.o)

.debug_macro    0x00000000     0x93c5
 .debug_macro   0x00000000      0x32d ./freertos/src/FreeRTOSCommonHooks.o
 .debug_macro   0x0000032d      0x8a4 ./freertos/src/FreeRTOSCommonHooks.o
 .debug_macro   0x00000bd1       0x10 ./freertos/src/FreeRTOSCommonHooks.o
 .debug_macro   0x00000be1      0x12d ./freertos/src/FreeRTOSCommonHooks.o
 .debug_macro   0x00000d0e       0x16 ./freertos/src/FreeRTOSCommonHooks.o
 .debug_macro   0x00000d24       0x46 ./freertos/src/FreeRTOSCommonHooks.o
 .debug_macro   0x00000d6a      0x5b2 ./freertos/src/FreeRTOSCommonHooks.o
 .debug_macro   0x0000131c       0x22 ./freertos/src/FreeRTOSCommonHooks.o
 .debug_macro   0x0000133e       0x74 ./freertos/src/FreeRTOSCommonHooks.o
 .debug_macro   0x000013b2       0x16 ./freertos/src/FreeRTOSCommonHooks.o
 .debug_macro   0x000013c8       0x2d ./freertos/src/FreeRTOSCommonHooks.o
 .debug_macro   0x000013f5       0x3b ./freertos/src/FreeRTOSCommonHooks.o
 .debug_macro   0x00001430       0x2d ./freertos/src/FreeRTOSCommonHooks.o
 .debug_macro   0x0000145d       0x42 ./freertos/src/FreeRTOSCommonHooks.o
 .debug_macro   0x0000149f      0xd39 ./freertos/src/FreeRTOSCommonHooks.o
 .debug_macro   0x000021d8      0x295 ./freertos/src/FreeRTOSCommonHooks.o
 .debug_macro   0x0000246d       0x50 ./freertos/src/FreeRTOSCommonHooks.o
 .debug_macro   0x000024bd       0x34 ./freertos/src/FreeRTOSCommonHooks.o
 .debug_macro   0x000024f1      0x152 ./freertos/src/FreeRTOSCommonHooks.o
 .debug_macro   0x00002643       0x82 ./freertos/src/FreeRTOSCommonHooks.o
 .debug_macro   0x000026c5      0x48c ./freertos/src/FreeRTOSCommonHooks.o
 .debug_macro   0x00002b51      0x12d ./freertos/src/FreeRTOSCommonHooks.o
 .debug_macro   0x00002c7e       0x6a ./freertos/src/FreeRTOSCommonHooks.o
 .debug_macro   0x00002ce8       0x34 ./freertos/src/FreeRTOSCommonHooks.o
 .debug_macro   0x00002d1c       0x58 ./freertos/src/FreeRTOSCommonHooks.o
 .debug_macro   0x00002d74      0x236 ./freertos/src/FreeRTOSCommonHooks.o
 .debug_macro   0x00002faa      0x4c5 ./freertos/src/FreeRTOSCommonHooks.o
 .debug_macro   0x0000346f      0x1da ./freertos/src/FreeRTOSCommonHooks.o
 .debug_macro   0x00003649       0x10 ./freertos/src/FreeRTOSCommonHooks.o
 .debug_macro   0x00003659      0x21b ./freertos/src/FreeRTOSCommonHooks.o
 .debug_macro   0x00003874      0x1b9 ./freertos/src/FreeRTOSCommonHooks.o
 .debug_macro   0x00003a2d       0x2e ./freertos/src/FreeRTOSCommonHooks.o
 .debug_macro   0x00003a5b       0x40 ./freertos/src/FreeRTOSCommonHooks.o
 .debug_macro   0x00003a9b      0x209 ./freertos/src/FreeRTOSCommonHooks.o
 .debug_macro   0x00003ca4      0x2b3 ./freertos/src/FreeRTOSCommonHooks.o
 .debug_macro   0x00003f57      0x34c ./freertos/src/FreeRTOSCommonHooks.o
 .debug_macro   0x000042a3       0xb2 ./freertos/src/FreeRTOSCommonHooks.o
 .debug_macro   0x00004355       0x16 ./freertos/src/FreeRTOSCommonHooks.o
 .debug_macro   0x0000436b       0xb8 ./freertos/src/FreeRTOSCommonHooks.o
 .debug_macro   0x00004423       0x4c ./freertos/src/FreeRTOSCommonHooks.o
 .debug_macro   0x0000446f       0x16 ./freertos/src/FreeRTOSCommonHooks.o
 .debug_macro   0x00004485      0x328 ./freertos/src/FreeRTOSCommonHooks.o
 .debug_macro   0x000047ad       0x3a ./freertos/src/FreeRTOSCommonHooks.o
 .debug_macro   0x000047e7       0x16 ./freertos/src/FreeRTOSCommonHooks.o
 .debug_macro   0x000047fd       0xca ./freertos/src/FreeRTOSCommonHooks.o
 .debug_macro   0x000048c7       0x11 ./freertos/src/FreeRTOSCommonHooks.o
 .debug_macro   0x000048d8       0x16 ./freertos/src/FreeRTOSCommonHooks.o
 .debug_macro   0x000048ee       0x8e ./freertos/src/FreeRTOSCommonHooks.o
 .debug_macro   0x0000497c      0x124 ./freertos/src/FreeRTOSCommonHooks.o
 .debug_macro   0x00004aa0       0x6c ./freertos/src/FreeRTOSCommonHooks.o
 .debug_macro   0x00004b0c       0x9a ./freertos/src/FreeRTOSCommonHooks.o
 .debug_macro   0x00004ba6       0x20 ./freertos/src/FreeRTOSCommonHooks.o
 .debug_macro   0x00004bc6       0x2e ./freertos/src/FreeRTOSCommonHooks.o
 .debug_macro   0x00004bf4       0xef ./freertos/src/FreeRTOSCommonHooks.o
 .debug_macro   0x00004ce3       0xab ./freertos/src/FreeRTOSCommonHooks.o
 .debug_macro   0x00004d8e       0x12 ./freertos/src/FreeRTOSCommonHooks.o
 .debug_macro   0x00004da0       0x1f ./freertos/src/FreeRTOSCommonHooks.o
 .debug_macro   0x00004dbf      0x257 ./freertos/src/FreeRTOSCommonHooks.o
 .debug_macro   0x00005016       0x64 ./freertos/src/FreeRTOSCommonHooks.o
 .debug_macro   0x0000507a       0x57 ./freertos/src/FreeRTOSCommonHooks.o
 .debug_macro   0x000050d1      0x331 ./freertos/src/heap_3.o
 .debug_macro   0x00005402       0x28 ./freertos/src/heap_3.o
 .debug_macro   0x0000542a      0x316 ./freertos/src/list.o
 .debug_macro   0x00005740      0x3ba ./freertos/src/port.o
 .debug_macro   0x00005afa      0x379 ./freertos/src/queue.o
 .debug_macro   0x00005e73       0xb0 ./freertos/src/queue.o
 .debug_macro   0x00005f23      0x3b5 ./freertos/src/tasks.o
 .debug_macro   0x000062d8       0x5b ./freertos/src/tasks.o
 .debug_macro   0x00006333       0x16 ./freertos/src/tasks.o
 .debug_macro   0x00006349       0x1d ./example/src/cr_startup_lpc40xx.o
 .debug_macro   0x00006366      0x32c ./example/src/freertos_can.o
 .debug_macro   0x00006692       0x7b ./example/src/freertos_can.o
 .debug_macro   0x0000670d       0x18 ./example/src/freertos_can.o
 .debug_macro   0x00006725       0x10 ./example/src/freertos_can.o
 .debug_macro   0x00006735       0xf5 ./example/src/freertos_can.o
 .debug_macro   0x0000682a       0x77 ./example/src/freertos_can.o
 .debug_macro   0x000068a1       0x52 ./example/src/freertos_can.o
 .debug_macro   0x000068f3      0x29f ./example/src/io.o
 .debug_macro   0x00006b92      0x296 ./example/src/sysinit.o
 .debug_macro   0x00006e28      0x3ce C:\Users\Emilie1\Documents\MCUXpressoIDE_10.0.2_411\workspace\lpc_board_ea_devkit_4088\Debug\liblpc_board_ea_devkit_4088.a(board.o)
 .debug_macro   0x000071f6      0x8aa C:\Users\Emilie1\Documents\MCUXpressoIDE_10.0.2_411\workspace\lpc_board_ea_devkit_4088\Debug\liblpc_board_ea_devkit_4088.a(board.o)
 .debug_macro   0x00007aa0       0x12 C:\Users\Emilie1\Documents\MCUXpressoIDE_10.0.2_411\workspace\lpc_board_ea_devkit_4088\Debug\liblpc_board_ea_devkit_4088.a(board.o)
 .debug_macro   0x00007ab2      0x29c C:\Users\Emilie1\Documents\MCUXpressoIDE_10.0.2_411\workspace\lpc_board_ea_devkit_4088\Debug\liblpc_board_ea_devkit_4088.a(board_sysinit.o)
 .debug_macro   0x00007d4e      0x22c C:\Users\Emilie1\Documents\MCUXpressoIDE_10.0.2_411\workspace\lpc_chip_40xx\Debug\liblpc_chip_40xx.a(chip_17xx_40xx.o)
 .debug_macro   0x00007f7a      0x8aa C:\Users\Emilie1\Documents\MCUXpressoIDE_10.0.2_411\workspace\lpc_chip_40xx\Debug\liblpc_chip_40xx.a(chip_17xx_40xx.o)
 .debug_macro   0x00008824      0x22c C:\Users\Emilie1\Documents\MCUXpressoIDE_10.0.2_411\workspace\lpc_chip_40xx\Debug\liblpc_chip_40xx.a(clock_17xx_40xx.o)
 .debug_macro   0x00008a50      0x232 C:\Users\Emilie1\Documents\MCUXpressoIDE_10.0.2_411\workspace\lpc_chip_40xx\Debug\liblpc_chip_40xx.a(emc_17xx_40xx.o)
 .debug_macro   0x00008c82       0xbf C:\Users\Emilie1\Documents\MCUXpressoIDE_10.0.2_411\workspace\lpc_chip_40xx\Debug\liblpc_chip_40xx.a(fpu_init.o)
 .debug_macro   0x00008d41      0x22c C:\Users\Emilie1\Documents\MCUXpressoIDE_10.0.2_411\workspace\lpc_chip_40xx\Debug\liblpc_chip_40xx.a(iocon_17xx_40xx.o)
 .debug_macro   0x00008f6d      0x22c C:\Users\Emilie1\Documents\MCUXpressoIDE_10.0.2_411\workspace\lpc_chip_40xx\Debug\liblpc_chip_40xx.a(sysctl_17xx_40xx.o)
 .debug_macro   0x00009199      0x22c C:\Users\Emilie1\Documents\MCUXpressoIDE_10.0.2_411\workspace\lpc_chip_40xx\Debug\liblpc_chip_40xx.a(sysinit_17xx_40xx.o)

.debug_line     0x00000000     0x7e68
 .debug_line    0x00000000      0x72e ./freertos/src/FreeRTOSCommonHooks.o
 .debug_line    0x0000072e      0x6d3 ./freertos/src/heap_3.o
 .debug_line    0x00000e01      0x71f ./freertos/src/list.o
 .debug_line    0x00001520      0x81e ./freertos/src/port.o
 .debug_line    0x00001d3e      0xa29 ./freertos/src/queue.o
 .debug_line    0x00002767      0xdcc ./freertos/src/tasks.o
 .debug_line    0x00003533       0xe1 ./example/src/cr_startup_lpc40xx.o
 .debug_line    0x00003614      0x737 ./example/src/freertos_can.o
 .debug_line    0x00003d4b      0x62f ./example/src/io.o
 .debug_line    0x0000437a      0x583 ./example/src/sysinit.o
 .debug_line    0x000048fd      0xb7f C:\Users\Emilie1\Documents\MCUXpressoIDE_10.0.2_411\workspace\lpc_board_ea_devkit_4088\Debug\liblpc_board_ea_devkit_4088.a(board.o)
 .debug_line    0x0000547c      0x634 C:\Users\Emilie1\Documents\MCUXpressoIDE_10.0.2_411\workspace\lpc_board_ea_devkit_4088\Debug\liblpc_board_ea_devkit_4088.a(board_sysinit.o)
 .debug_line    0x00005ab0      0x4da C:\Users\Emilie1\Documents\MCUXpressoIDE_10.0.2_411\workspace\lpc_chip_40xx\Debug\liblpc_chip_40xx.a(chip_17xx_40xx.o)
 .debug_line    0x00005f8a      0x79a C:\Users\Emilie1\Documents\MCUXpressoIDE_10.0.2_411\workspace\lpc_chip_40xx\Debug\liblpc_chip_40xx.a(clock_17xx_40xx.o)
 .debug_line    0x00006724      0x653 C:\Users\Emilie1\Documents\MCUXpressoIDE_10.0.2_411\workspace\lpc_chip_40xx\Debug\liblpc_chip_40xx.a(emc_17xx_40xx.o)
 .debug_line    0x00006d77      0x1fc C:\Users\Emilie1\Documents\MCUXpressoIDE_10.0.2_411\workspace\lpc_chip_40xx\Debug\liblpc_chip_40xx.a(fpu_init.o)
 .debug_line    0x00006f73      0x4cd C:\Users\Emilie1\Documents\MCUXpressoIDE_10.0.2_411\workspace\lpc_chip_40xx\Debug\liblpc_chip_40xx.a(iocon_17xx_40xx.o)
 .debug_line    0x00007440      0x4bf C:\Users\Emilie1\Documents\MCUXpressoIDE_10.0.2_411\workspace\lpc_chip_40xx\Debug\liblpc_chip_40xx.a(sysctl_17xx_40xx.o)
 .debug_line    0x000078ff      0x569 C:\Users\Emilie1\Documents\MCUXpressoIDE_10.0.2_411\workspace\lpc_chip_40xx\Debug\liblpc_chip_40xx.a(sysinit_17xx_40xx.o)

.debug_str      0x00000000    0x1fa62
 .debug_str     0x00000000    0x18f5a ./freertos/src/FreeRTOSCommonHooks.o
                              0x1905b (size before relaxing)
 .debug_str     0x00018f5a      0x103 ./freertos/src/heap_3.o
                              0x19055 (size before relaxing)
 .debug_str     0x0001905d      0x12e ./freertos/src/list.o
                              0x18d9a (size before relaxing)
 .debug_str     0x0001918b      0x9e1 ./freertos/src/port.o
                              0x1997c (size before relaxing)
 .debug_str     0x00019b6c     0x1106 ./freertos/src/queue.o
                              0x1a3e8 (size before relaxing)
 .debug_str     0x0001ac72     0x14cf ./freertos/src/tasks.o
                              0x1a8a2 (size before relaxing)
 .debug_str     0x0001c141      0x1a6 ./example/src/cr_startup_lpc40xx.o
                               0x274f (size before relaxing)
 .debug_str     0x0001c2e7      0x91a ./example/src/freertos_can.o
                              0x1a4ff (size before relaxing)
 .debug_str     0x0001cc01      0x40e ./example/src/io.o
                              0x173f4 (size before relaxing)
 .debug_str     0x0001d00f       0x19 ./example/src/sysinit.o
                              0x16e8b (size before relaxing)
 .debug_str     0x0001d028     0x155c C:\Users\Emilie1\Documents\MCUXpressoIDE_10.0.2_411\workspace\lpc_board_ea_devkit_4088\Debug\liblpc_board_ea_devkit_4088.a(board.o)
                              0x18699 (size before relaxing)
 .debug_str     0x0001e584      0x67b C:\Users\Emilie1\Documents\MCUXpressoIDE_10.0.2_411\workspace\lpc_board_ea_devkit_4088\Debug\liblpc_board_ea_devkit_4088.a(board_sysinit.o)
                              0x179ef (size before relaxing)
 .debug_str     0x0001ebff      0x138 C:\Users\Emilie1\Documents\MCUXpressoIDE_10.0.2_411\workspace\lpc_chip_40xx\Debug\liblpc_chip_40xx.a(chip_17xx_40xx.o)
                              0x16877 (size before relaxing)
 .debug_str     0x0001ed37      0x631 C:\Users\Emilie1\Documents\MCUXpressoIDE_10.0.2_411\workspace\lpc_chip_40xx\Debug\liblpc_chip_40xx.a(clock_17xx_40xx.o)
                              0x16cfe (size before relaxing)
 .debug_str     0x0001f368      0x49e C:\Users\Emilie1\Documents\MCUXpressoIDE_10.0.2_411\workspace\lpc_chip_40xx\Debug\liblpc_chip_40xx.a(emc_17xx_40xx.o)
                              0x168ae (size before relaxing)
 .debug_str     0x0001f806       0xb5 C:\Users\Emilie1\Documents\MCUXpressoIDE_10.0.2_411\workspace\lpc_chip_40xx\Debug\liblpc_chip_40xx.a(fpu_init.o)
                               0x98ed (size before relaxing)
 .debug_str     0x0001f8bb       0x46 C:\Users\Emilie1\Documents\MCUXpressoIDE_10.0.2_411\workspace\lpc_chip_40xx\Debug\liblpc_chip_40xx.a(iocon_17xx_40xx.o)
                              0x1620e (size before relaxing)
 .debug_str     0x0001f901       0x87 C:\Users\Emilie1\Documents\MCUXpressoIDE_10.0.2_411\workspace\lpc_chip_40xx\Debug\liblpc_chip_40xx.a(sysctl_17xx_40xx.o)
                              0x16601 (size before relaxing)
 .debug_str     0x0001f988       0xda C:\Users\Emilie1\Documents\MCUXpressoIDE_10.0.2_411\workspace\lpc_chip_40xx\Debug\liblpc_chip_40xx.a(sysinit_17xx_40xx.o)
                              0x164da (size before relaxing)

.comment        0x00000000       0x6e
 .comment       0x00000000       0x6e ./freertos/src/FreeRTOSCommonHooks.o
                                 0x6f (size before relaxing)
 .comment       0x0000006e       0x6f ./freertos/src/heap_3.o
 .comment       0x0000006e       0x6f ./freertos/src/list.o
 .comment       0x0000006e       0x6f ./freertos/src/port.o
 .comment       0x0000006e       0x6f ./freertos/src/queue.o
 .comment       0x0000006e       0x6f ./freertos/src/tasks.o
 .comment       0x0000006e       0x6f ./example/src/cr_startup_lpc40xx.o
 .comment       0x0000006e       0x6f ./example/src/freertos_can.o
 .comment       0x0000006e       0x6f ./example/src/io.o
 .comment       0x0000006e       0x6f ./example/src/sysinit.o
 .comment       0x0000006e       0x6f C:\Users\Emilie1\Documents\MCUXpressoIDE_10.0.2_411\workspace\lpc_board_ea_devkit_4088\Debug\liblpc_board_ea_devkit_4088.a(board.o)
 .comment       0x0000006e       0x6f C:\Users\Emilie1\Documents\MCUXpressoIDE_10.0.2_411\workspace\lpc_board_ea_devkit_4088\Debug\liblpc_board_ea_devkit_4088.a(board_sysinit.o)
 .comment       0x0000006e       0x6f C:\Users\Emilie1\Documents\MCUXpressoIDE_10.0.2_411\workspace\lpc_chip_40xx\Debug\liblpc_chip_40xx.a(chip_17xx_40xx.o)
 .comment       0x0000006e       0x6f C:\Users\Emilie1\Documents\MCUXpressoIDE_10.0.2_411\workspace\lpc_chip_40xx\Debug\liblpc_chip_40xx.a(clock_17xx_40xx.o)
 .comment       0x0000006e       0x6f C:\Users\Emilie1\Documents\MCUXpressoIDE_10.0.2_411\workspace\lpc_chip_40xx\Debug\liblpc_chip_40xx.a(emc_17xx_40xx.o)
 .comment       0x0000006e       0x6f C:\Users\Emilie1\Documents\MCUXpressoIDE_10.0.2_411\workspace\lpc_chip_40xx\Debug\liblpc_chip_40xx.a(fpu_init.o)
 .comment       0x0000006e       0x6f C:\Users\Emilie1\Documents\MCUXpressoIDE_10.0.2_411\workspace\lpc_chip_40xx\Debug\liblpc_chip_40xx.a(iocon_17xx_40xx.o)
 .comment       0x0000006e       0x6f C:\Users\Emilie1\Documents\MCUXpressoIDE_10.0.2_411\workspace\lpc_chip_40xx\Debug\liblpc_chip_40xx.a(sysctl_17xx_40xx.o)
 .comment       0x0000006e       0x6f C:\Users\Emilie1\Documents\MCUXpressoIDE_10.0.2_411\workspace\lpc_chip_40xx\Debug\liblpc_chip_40xx.a(sysinit_17xx_40xx.o)
 .comment       0x0000006e       0x6f c:/nxp/mcuxpressoide_10.0.2_411/ide/tools/bin/../lib/gcc/arm-none-eabi/5.4.1/../../../../arm-none-eabi/lib/armv7e-m/softfp\libcr_semihost_nf.a(_cr__main.o)
 .comment       0x0000006e       0x6f c:/nxp/mcuxpressoide_10.0.2_411/ide/tools/bin/../lib/gcc/arm-none-eabi/5.4.1/../../../../arm-none-eabi/lib/armv7e-m/softfp\libcr_c.a(memcpy.o)
 .comment       0x0000006e       0x6f c:/nxp/mcuxpressoide_10.0.2_411/ide/tools/bin/../lib/gcc/arm-none-eabi/5.4.1/../../../../arm-none-eabi/lib/armv7e-m/softfp\libcr_c.a(memset.o)
 .comment       0x0000006e       0x6f c:/nxp/mcuxpressoide_10.0.2_411/ide/tools/bin/../lib/gcc/arm-none-eabi/5.4.1/../../../../arm-none-eabi/lib/armv7e-m/softfp\libcr_c.a(alloc.o)
 .comment       0x0000006e       0x6f c:/nxp/mcuxpressoide_10.0.2_411/ide/tools/bin/../lib/gcc/arm-none-eabi/5.4.1/../../../../arm-none-eabi/lib/armv7e-m/softfp\libcr_c.a(initio.o)
 .comment       0x0000006e       0x6f c:/nxp/mcuxpressoide_10.0.2_411/ide/tools/bin/../lib/gcc/arm-none-eabi/5.4.1/../../../../arm-none-eabi/lib/armv7e-m/softfp\libcr_c.a(puts.o)
 .comment       0x0000006e       0x6f c:/nxp/mcuxpressoide_10.0.2_411/ide/tools/bin/../lib/gcc/arm-none-eabi/5.4.1/../../../../arm-none-eabi/lib/armv7e-m/softfp\libcr_c.a(setvbuf.o)
 .comment       0x0000006e       0x6f c:/nxp/mcuxpressoide_10.0.2_411/ide/tools/bin/../lib/gcc/arm-none-eabi/5.4.1/../../../../arm-none-eabi/lib/armv7e-m/softfp\libcr_c.a(strlen.o)
 .comment       0x0000006e       0x6f c:/nxp/mcuxpressoide_10.0.2_411/ide/tools/bin/../lib/gcc/arm-none-eabi/5.4.1/../../../../arm-none-eabi/lib/armv7e-m/softfp\libcr_c.a(__init_alloc.o)
 .comment       0x0000006e       0x6f c:/nxp/mcuxpressoide_10.0.2_411/ide/tools/bin/../lib/gcc/arm-none-eabi/5.4.1/../../../../arm-none-eabi/lib/armv7e-m/softfp\libcr_c.a(_cr_sbrk.o)
 .comment       0x0000006e       0x6f c:/nxp/mcuxpressoide_10.0.2_411/ide/tools/bin/../lib/gcc/arm-none-eabi/5.4.1/../../../../arm-none-eabi/lib/armv7e-m/softfp\libcr_c.a(_deferredlazyseek.o)
 .comment       0x0000006e       0x6f c:/nxp/mcuxpressoide_10.0.2_411/ide/tools/bin/../lib/gcc/arm-none-eabi/5.4.1/../../../../arm-none-eabi/lib/armv7e-m/softfp\libcr_c.a(_fdopen.o)
 .comment       0x0000006e       0x6f c:/nxp/mcuxpressoide_10.0.2_411/ide/tools/bin/../lib/gcc/arm-none-eabi/5.4.1/../../../../arm-none-eabi/lib/armv7e-m/softfp\libcr_c.a(_fflush.o)
 .comment       0x0000006e       0x6f c:/nxp/mcuxpressoide_10.0.2_411/ide/tools/bin/../lib/gcc/arm-none-eabi/5.4.1/../../../../arm-none-eabi/lib/armv7e-m/softfp\libcr_c.a(_writebuf.o)
 .comment       0x0000006e       0x6f c:/nxp/mcuxpressoide_10.0.2_411/ide/tools/bin/../lib/gcc/arm-none-eabi/5.4.1/../../../../arm-none-eabi/lib/armv7e-m/softfp\libcr_c.a(errno.o)
 .comment       0x0000006e       0x6f c:/nxp/mcuxpressoide_10.0.2_411/ide/tools/bin/../lib/gcc/arm-none-eabi/5.4.1/../../../../arm-none-eabi/lib/armv7e-m/softfp\libcr_c.a(fclose.o)
 .comment       0x0000006e       0x6f c:/nxp/mcuxpressoide_10.0.2_411/ide/tools/bin/../lib/gcc/arm-none-eabi/5.4.1/../../../../arm-none-eabi/lib/armv7e-m/softfp\libcr_c.a(fflush.o)
 .comment       0x0000006e       0x6f c:/nxp/mcuxpressoide_10.0.2_411/ide/tools/bin/../lib/gcc/arm-none-eabi/5.4.1/../../../../arm-none-eabi/lib/armv7e-m/softfp\libcr_c.a(fseek.o)
 .comment       0x0000006e       0x6f c:/nxp/mcuxpressoide_10.0.2_411/ide/tools/bin/../lib/gcc/arm-none-eabi/5.4.1/../../../../arm-none-eabi/lib/armv7e-m/softfp\libcr_c.a(ftell.o)
 .comment       0x0000006e       0x6f c:/nxp/mcuxpressoide_10.0.2_411/ide/tools/bin/../lib/gcc/arm-none-eabi/5.4.1/../../../../arm-none-eabi/lib/armv7e-m/softfp\libcr_c.a(remove.o)
 .comment       0x0000006e       0x6f c:/nxp/mcuxpressoide_10.0.2_411/ide/tools/bin/../lib/gcc/arm-none-eabi/5.4.1/../../../../arm-none-eabi/lib/armv7e-m/softfp\libcr_c.a(_cr_check_heap.o)
 .comment       0x0000006e       0x6f c:/nxp/mcuxpressoide_10.0.2_411/ide/tools/bin/../lib/gcc/arm-none-eabi/5.4.1/../../../../arm-none-eabi/lib/armv7e-m/softfp\libcr_c.a(_do_fflush.o)
 .comment       0x0000006e       0x6f c:/nxp/mcuxpressoide_10.0.2_411/ide/tools/bin/../lib/gcc/arm-none-eabi/5.4.1/../../../../arm-none-eabi/lib/armv7e-m/softfp\libcr_semihost_nf.a(__ciob.o)

.ARM.attributes
                0x00000000       0x35
 .ARM.attributes
                0x00000000       0x37 ./freertos/src/FreeRTOSCommonHooks.o
 .ARM.attributes
                0x00000037       0x37 ./freertos/src/heap_3.o
 .ARM.attributes
                0x0000006e       0x37 ./freertos/src/list.o
 .ARM.attributes
                0x000000a5       0x37 ./freertos/src/port.o
 .ARM.attributes
                0x000000dc       0x37 ./freertos/src/queue.o
 .ARM.attributes
                0x00000113       0x37 ./freertos/src/tasks.o
 .ARM.attributes
                0x0000014a       0x37 ./example/src/cr_startup_lpc40xx.o
 .ARM.attributes
                0x00000181       0x37 ./example/src/freertos_can.o
 .ARM.attributes
                0x000001b8       0x37 ./example/src/io.o
 .ARM.attributes
                0x000001ef       0x37 ./example/src/sysinit.o
 .ARM.attributes
                0x00000226       0x37 C:\Users\Emilie1\Documents\MCUXpressoIDE_10.0.2_411\workspace\lpc_board_ea_devkit_4088\Debug\liblpc_board_ea_devkit_4088.a(board.o)
 .ARM.attributes
                0x0000025d       0x37 C:\Users\Emilie1\Documents\MCUXpressoIDE_10.0.2_411\workspace\lpc_board_ea_devkit_4088\Debug\liblpc_board_ea_devkit_4088.a(board_sysinit.o)
 .ARM.attributes
                0x00000294       0x37 C:\Users\Emilie1\Documents\MCUXpressoIDE_10.0.2_411\workspace\lpc_chip_40xx\Debug\liblpc_chip_40xx.a(chip_17xx_40xx.o)
 .ARM.attributes
                0x000002cb       0x37 C:\Users\Emilie1\Documents\MCUXpressoIDE_10.0.2_411\workspace\lpc_chip_40xx\Debug\liblpc_chip_40xx.a(clock_17xx_40xx.o)
 .ARM.attributes
                0x00000302       0x37 C:\Users\Emilie1\Documents\MCUXpressoIDE_10.0.2_411\workspace\lpc_chip_40xx\Debug\liblpc_chip_40xx.a(emc_17xx_40xx.o)
 .ARM.attributes
                0x00000339       0x37 C:\Users\Emilie1\Documents\MCUXpressoIDE_10.0.2_411\workspace\lpc_chip_40xx\Debug\liblpc_chip_40xx.a(fpu_init.o)
 .ARM.attributes
                0x00000370       0x37 C:\Users\Emilie1\Documents\MCUXpressoIDE_10.0.2_411\workspace\lpc_chip_40xx\Debug\liblpc_chip_40xx.a(iocon_17xx_40xx.o)
 .ARM.attributes
                0x000003a7       0x37 C:\Users\Emilie1\Documents\MCUXpressoIDE_10.0.2_411\workspace\lpc_chip_40xx\Debug\liblpc_chip_40xx.a(sysctl_17xx_40xx.o)
 .ARM.attributes
                0x000003de       0x37 C:\Users\Emilie1\Documents\MCUXpressoIDE_10.0.2_411\workspace\lpc_chip_40xx\Debug\liblpc_chip_40xx.a(sysinit_17xx_40xx.o)
 .ARM.attributes
                0x00000415       0x37 c:/nxp/mcuxpressoide_10.0.2_411/ide/tools/bin/../lib/gcc/arm-none-eabi/5.4.1/../../../../arm-none-eabi/lib/armv7e-m/softfp\libcr_semihost_nf.a(_cr__main.o)
 .ARM.attributes
                0x0000044c       0x37 c:/nxp/mcuxpressoide_10.0.2_411/ide/tools/bin/../lib/gcc/arm-none-eabi/5.4.1/../../../../arm-none-eabi/lib/armv7e-m/softfp\libcr_c.a(memcpy.o)
 .ARM.attributes
                0x00000483       0x37 c:/nxp/mcuxpressoide_10.0.2_411/ide/tools/bin/../lib/gcc/arm-none-eabi/5.4.1/../../../../arm-none-eabi/lib/armv7e-m/softfp\libcr_c.a(memset.o)
 .ARM.attributes
                0x000004ba       0x37 c:/nxp/mcuxpressoide_10.0.2_411/ide/tools/bin/../lib/gcc/arm-none-eabi/5.4.1/../../../../arm-none-eabi/lib/armv7e-m/softfp\libcr_c.a(alloc.o)
 .ARM.attributes
                0x000004f1       0x37 c:/nxp/mcuxpressoide_10.0.2_411/ide/tools/bin/../lib/gcc/arm-none-eabi/5.4.1/../../../../arm-none-eabi/lib/armv7e-m/softfp\libcr_c.a(initio.o)
 .ARM.attributes
                0x00000528       0x37 c:/nxp/mcuxpressoide_10.0.2_411/ide/tools/bin/../lib/gcc/arm-none-eabi/5.4.1/../../../../arm-none-eabi/lib/armv7e-m/softfp\libcr_c.a(puts.o)
 .ARM.attributes
                0x0000055f       0x37 c:/nxp/mcuxpressoide_10.0.2_411/ide/tools/bin/../lib/gcc/arm-none-eabi/5.4.1/../../../../arm-none-eabi/lib/armv7e-m/softfp\libcr_c.a(setvbuf.o)
 .ARM.attributes
                0x00000596       0x37 c:/nxp/mcuxpressoide_10.0.2_411/ide/tools/bin/../lib/gcc/arm-none-eabi/5.4.1/../../../../arm-none-eabi/lib/armv7e-m/softfp\libcr_c.a(strlen.o)
 .ARM.attributes
                0x000005cd       0x37 c:/nxp/mcuxpressoide_10.0.2_411/ide/tools/bin/../lib/gcc/arm-none-eabi/5.4.1/../../../../arm-none-eabi/lib/armv7e-m/softfp\libcr_c.a(__init_alloc.o)
 .ARM.attributes
                0x00000604       0x37 c:/nxp/mcuxpressoide_10.0.2_411/ide/tools/bin/../lib/gcc/arm-none-eabi/5.4.1/../../../../arm-none-eabi/lib/armv7e-m/softfp\libcr_c.a(_cr_sbrk.o)
 .ARM.attributes
                0x0000063b       0x37 c:/nxp/mcuxpressoide_10.0.2_411/ide/tools/bin/../lib/gcc/arm-none-eabi/5.4.1/../../../../arm-none-eabi/lib/armv7e-m/softfp\libcr_c.a(_deferredlazyseek.o)
 .ARM.attributes
                0x00000672       0x37 c:/nxp/mcuxpressoide_10.0.2_411/ide/tools/bin/../lib/gcc/arm-none-eabi/5.4.1/../../../../arm-none-eabi/lib/armv7e-m/softfp\libcr_c.a(_fdopen.o)
 .ARM.attributes
                0x000006a9       0x37 c:/nxp/mcuxpressoide_10.0.2_411/ide/tools/bin/../lib/gcc/arm-none-eabi/5.4.1/../../../../arm-none-eabi/lib/armv7e-m/softfp\libcr_c.a(_fflush.o)
 .ARM.attributes
                0x000006e0       0x37 c:/nxp/mcuxpressoide_10.0.2_411/ide/tools/bin/../lib/gcc/arm-none-eabi/5.4.1/../../../../arm-none-eabi/lib/armv7e-m/softfp\libcr_c.a(_writebuf.o)
 .ARM.attributes
                0x00000717       0x37 c:/nxp/mcuxpressoide_10.0.2_411/ide/tools/bin/../lib/gcc/arm-none-eabi/5.4.1/../../../../arm-none-eabi/lib/armv7e-m/softfp\libcr_c.a(errno.o)
 .ARM.attributes
                0x0000074e       0x37 c:/nxp/mcuxpressoide_10.0.2_411/ide/tools/bin/../lib/gcc/arm-none-eabi/5.4.1/../../../../arm-none-eabi/lib/armv7e-m/softfp\libcr_c.a(fclose.o)
 .ARM.attributes
                0x00000785       0x37 c:/nxp/mcuxpressoide_10.0.2_411/ide/tools/bin/../lib/gcc/arm-none-eabi/5.4.1/../../../../arm-none-eabi/lib/armv7e-m/softfp\libcr_c.a(fflush.o)
 .ARM.attributes
                0x000007bc       0x37 c:/nxp/mcuxpressoide_10.0.2_411/ide/tools/bin/../lib/gcc/arm-none-eabi/5.4.1/../../../../arm-none-eabi/lib/armv7e-m/softfp\libcr_c.a(fseek.o)
 .ARM.attributes
                0x000007f3       0x37 c:/nxp/mcuxpressoide_10.0.2_411/ide/tools/bin/../lib/gcc/arm-none-eabi/5.4.1/../../../../arm-none-eabi/lib/armv7e-m/softfp\libcr_c.a(ftell.o)
 .ARM.attributes
                0x0000082a       0x37 c:/nxp/mcuxpressoide_10.0.2_411/ide/tools/bin/../lib/gcc/arm-none-eabi/5.4.1/../../../../arm-none-eabi/lib/armv7e-m/softfp\libcr_c.a(remove.o)
 .ARM.attributes
                0x00000861       0x37 c:/nxp/mcuxpressoide_10.0.2_411/ide/tools/bin/../lib/gcc/arm-none-eabi/5.4.1/../../../../arm-none-eabi/lib/armv7e-m/softfp\libcr_c.a(_cr_check_heap.o)
 .ARM.attributes
                0x00000898       0x37 c:/nxp/mcuxpressoide_10.0.2_411/ide/tools/bin/../lib/gcc/arm-none-eabi/5.4.1/../../../../arm-none-eabi/lib/armv7e-m/softfp\libcr_c.a(_do_fflush.o)
 .ARM.attributes
                0x000008cf       0x25 c:/nxp/mcuxpressoide_10.0.2_411/ide/tools/bin/../lib/gcc/arm-none-eabi/5.4.1/armv7e-m/softfp\libcr_eabihelpers.a(memcpy.o)
 .ARM.attributes
                0x000008f4       0x37 c:/nxp/mcuxpressoide_10.0.2_411/ide/tools/bin/../lib/gcc/arm-none-eabi/5.4.1/../../../../arm-none-eabi/lib/armv7e-m/softfp\libcr_semihost_nf.a(__ciob.o)
 .ARM.attributes
                0x0000092b       0x25 c:/nxp/mcuxpressoide_10.0.2_411/ide/tools/bin/../lib/gcc/arm-none-eabi/5.4.1/../../../../arm-none-eabi/lib/armv7e-m/softfp\libcr_semihost_nf.a(__sys_close.o)
 .ARM.attributes
                0x00000950       0x25 c:/nxp/mcuxpressoide_10.0.2_411/ide/tools/bin/../lib/gcc/arm-none-eabi/5.4.1/../../../../arm-none-eabi/lib/armv7e-m/softfp\libcr_semihost_nf.a(__sys_flen.o)
 .ARM.attributes
                0x00000975       0x25 c:/nxp/mcuxpressoide_10.0.2_411/ide/tools/bin/../lib/gcc/arm-none-eabi/5.4.1/../../../../arm-none-eabi/lib/armv7e-m/softfp\libcr_semihost_nf.a(__sys_istty.o)
 .ARM.attributes
                0x0000099a       0x25 c:/nxp/mcuxpressoide_10.0.2_411/ide/tools/bin/../lib/gcc/arm-none-eabi/5.4.1/../../../../arm-none-eabi/lib/armv7e-m/softfp\libcr_semihost_nf.a(__sys_remove.o)
 .ARM.attributes
                0x000009bf       0x25 c:/nxp/mcuxpressoide_10.0.2_411/ide/tools/bin/../lib/gcc/arm-none-eabi/5.4.1/../../../../arm-none-eabi/lib/armv7e-m/softfp\libcr_semihost_nf.a(__sys_seek.o)
 .ARM.attributes
                0x000009e4       0x25 c:/nxp/mcuxpressoide_10.0.2_411/ide/tools/bin/../lib/gcc/arm-none-eabi/5.4.1/../../../../arm-none-eabi/lib/armv7e-m/softfp\libcr_semihost_nf.a(__sys_tmpnam.o)
 .ARM.attributes
                0x00000a09       0x25 c:/nxp/mcuxpressoide_10.0.2_411/ide/tools/bin/../lib/gcc/arm-none-eabi/5.4.1/../../../../arm-none-eabi/lib/armv7e-m/softfp\libcr_semihost_nf.a(__sys_write.o)

.debug_frame    0x00000000     0x238c
 .debug_frame   0x00000000       0xb0 ./freertos/src/FreeRTOSCommonHooks.o
 .debug_frame   0x000000b0       0x58 ./freertos/src/heap_3.o
 .debug_frame   0x00000108       0xd8 ./freertos/src/list.o
 .debug_frame   0x000001e0      0x1a8 ./freertos/src/port.o
 .debug_frame   0x00000388      0x404 ./freertos/src/queue.o
 .debug_frame   0x0000078c      0x634 ./freertos/src/tasks.o
 .debug_frame   0x00000dc0      0x170 ./example/src/cr_startup_lpc40xx.o
 .debug_frame   0x00000f30       0xb8 ./example/src/freertos_can.o
 .debug_frame   0x00000fe8      0x160 ./example/src/io.o
 .debug_frame   0x00001148       0x34 ./example/src/sysinit.o
 .debug_frame   0x0000117c      0x784 C:\Users\Emilie1\Documents\MCUXpressoIDE_10.0.2_411\workspace\lpc_board_ea_devkit_4088\Debug\liblpc_board_ea_devkit_4088.a(board.o)
 .debug_frame   0x00001900       0xf8 C:\Users\Emilie1\Documents\MCUXpressoIDE_10.0.2_411\workspace\lpc_board_ea_devkit_4088\Debug\liblpc_board_ea_devkit_4088.a(board_sysinit.o)
 .debug_frame   0x000019f8       0x70 C:\Users\Emilie1\Documents\MCUXpressoIDE_10.0.2_411\workspace\lpc_chip_40xx\Debug\liblpc_chip_40xx.a(chip_17xx_40xx.o)
 .debug_frame   0x00001a68      0x500 C:\Users\Emilie1\Documents\MCUXpressoIDE_10.0.2_411\workspace\lpc_chip_40xx\Debug\liblpc_chip_40xx.a(clock_17xx_40xx.o)
 .debug_frame   0x00001f68      0x1fc C:\Users\Emilie1\Documents\MCUXpressoIDE_10.0.2_411\workspace\lpc_chip_40xx\Debug\liblpc_chip_40xx.a(emc_17xx_40xx.o)
 .debug_frame   0x00002164       0x38 C:\Users\Emilie1\Documents\MCUXpressoIDE_10.0.2_411\workspace\lpc_chip_40xx\Debug\liblpc_chip_40xx.a(fpu_init.o)
 .debug_frame   0x0000219c       0x5c C:\Users\Emilie1\Documents\MCUXpressoIDE_10.0.2_411\workspace\lpc_chip_40xx\Debug\liblpc_chip_40xx.a(iocon_17xx_40xx.o)
 .debug_frame   0x000021f8       0x60 C:\Users\Emilie1\Documents\MCUXpressoIDE_10.0.2_411\workspace\lpc_chip_40xx\Debug\liblpc_chip_40xx.a(sysctl_17xx_40xx.o)
 .debug_frame   0x00002258      0x134 C:\Users\Emilie1\Documents\MCUXpressoIDE_10.0.2_411\workspace\lpc_chip_40xx\Debug\liblpc_chip_40xx.a(sysinit_17xx_40xx.o)
